Archive member included to satisfy reference by file (symbol)

c:/Users/Chronikle/AppData/Roaming/Code/User/globalStorage/bmd.stm32-for-vscode/@xpack-dev-tools/arm-none-eabi-gcc/13.2.1-1.1.1/.content/bin/../lib/gcc/arm-none-eabi/13.2.1/../../../../arm-none-eabi/lib/thumb/v7e-m+fp/hard\libc_nano.a(libc_a-atexit.o)
                              c:/Users/Chronikle/AppData/Roaming/Code/User/globalStorage/bmd.stm32-for-vscode/@xpack-dev-tools/arm-none-eabi-gcc/13.2.1-1.1.1/.content/bin/../lib/gcc/arm-none-eabi/13.2.1/../../../../arm-none-eabi/lib/thumb/v7e-m+fp/hard/crt0.o (atexit)
c:/Users/Chronikle/AppData/Roaming/Code/User/globalStorage/bmd.stm32-for-vscode/@xpack-dev-tools/arm-none-eabi-gcc/13.2.1-1.1.1/.content/bin/../lib/gcc/arm-none-eabi/13.2.1/../../../../arm-none-eabi/lib/thumb/v7e-m+fp/hard\libc_nano.a(libc_a-exit.o)
                              c:/Users/Chronikle/AppData/Roaming/Code/User/globalStorage/bmd.stm32-for-vscode/@xpack-dev-tools/arm-none-eabi-gcc/13.2.1-1.1.1/.content/bin/../lib/gcc/arm-none-eabi/13.2.1/../../../../arm-none-eabi/lib/thumb/v7e-m+fp/hard/crt0.o (exit)
c:/Users/Chronikle/AppData/Roaming/Code/User/globalStorage/bmd.stm32-for-vscode/@xpack-dev-tools/arm-none-eabi-gcc/13.2.1-1.1.1/.content/bin/../lib/gcc/arm-none-eabi/13.2.1/../../../../arm-none-eabi/lib/thumb/v7e-m+fp/hard\libc_nano.a(libc_a-findfp.o)
                              c:/Users/Chronikle/AppData/Roaming/Code/User/globalStorage/bmd.stm32-for-vscode/@xpack-dev-tools/arm-none-eabi-gcc/13.2.1-1.1.1/.content/bin/../lib/gcc/arm-none-eabi/13.2.1/../../../../arm-none-eabi/lib/thumb/v7e-m+fp/hard\libc_nano.a(libc_a-exit.o) (__stdio_exit_handler)
c:/Users/Chronikle/AppData/Roaming/Code/User/globalStorage/bmd.stm32-for-vscode/@xpack-dev-tools/arm-none-eabi-gcc/13.2.1-1.1.1/.content/bin/../lib/gcc/arm-none-eabi/13.2.1/../../../../arm-none-eabi/lib/thumb/v7e-m+fp/hard\libc_nano.a(libc_a-fwalk.o)
                              c:/Users/Chronikle/AppData/Roaming/Code/User/globalStorage/bmd.stm32-for-vscode/@xpack-dev-tools/arm-none-eabi-gcc/13.2.1-1.1.1/.content/bin/../lib/gcc/arm-none-eabi/13.2.1/../../../../arm-none-eabi/lib/thumb/v7e-m+fp/hard\libc_nano.a(libc_a-findfp.o) (_fwalk_sglue)
c:/Users/Chronikle/AppData/Roaming/Code/User/globalStorage/bmd.stm32-for-vscode/@xpack-dev-tools/arm-none-eabi-gcc/13.2.1-1.1.1/.content/bin/../lib/gcc/arm-none-eabi/13.2.1/../../../../arm-none-eabi/lib/thumb/v7e-m+fp/hard\libc_nano.a(libc_a-sprintf.o)
                              build/main.o (sprintf)
c:/Users/Chronikle/AppData/Roaming/Code/User/globalStorage/bmd.stm32-for-vscode/@xpack-dev-tools/arm-none-eabi-gcc/13.2.1-1.1.1/.content/bin/../lib/gcc/arm-none-eabi/13.2.1/../../../../arm-none-eabi/lib/thumb/v7e-m+fp/hard\libc_nano.a(libc_a-stdio.o)
                              c:/Users/Chronikle/AppData/Roaming/Code/User/globalStorage/bmd.stm32-for-vscode/@xpack-dev-tools/arm-none-eabi-gcc/13.2.1-1.1.1/.content/bin/../lib/gcc/arm-none-eabi/13.2.1/../../../../arm-none-eabi/lib/thumb/v7e-m+fp/hard\libc_nano.a(libc_a-findfp.o) (__sread)
c:/Users/Chronikle/AppData/Roaming/Code/User/globalStorage/bmd.stm32-for-vscode/@xpack-dev-tools/arm-none-eabi-gcc/13.2.1-1.1.1/.content/bin/../lib/gcc/arm-none-eabi/13.2.1/../../../../arm-none-eabi/lib/thumb/v7e-m+fp/hard\libc_nano.a(libc_a-memset.o)
                              c:/Users/Chronikle/AppData/Roaming/Code/User/globalStorage/bmd.stm32-for-vscode/@xpack-dev-tools/arm-none-eabi-gcc/13.2.1-1.1.1/.content/bin/../lib/gcc/arm-none-eabi/13.2.1/../../../../arm-none-eabi/lib/thumb/v7e-m+fp/hard/crt0.o (memset)
c:/Users/Chronikle/AppData/Roaming/Code/User/globalStorage/bmd.stm32-for-vscode/@xpack-dev-tools/arm-none-eabi-gcc/13.2.1-1.1.1/.content/bin/../lib/gcc/arm-none-eabi/13.2.1/../../../../arm-none-eabi/lib/thumb/v7e-m+fp/hard\libc_nano.a(libc_a-closer.o)
                              c:/Users/Chronikle/AppData/Roaming/Code/User/globalStorage/bmd.stm32-for-vscode/@xpack-dev-tools/arm-none-eabi-gcc/13.2.1-1.1.1/.content/bin/../lib/gcc/arm-none-eabi/13.2.1/../../../../arm-none-eabi/lib/thumb/v7e-m+fp/hard\libc_nano.a(libc_a-stdio.o) (_close_r)
c:/Users/Chronikle/AppData/Roaming/Code/User/globalStorage/bmd.stm32-for-vscode/@xpack-dev-tools/arm-none-eabi-gcc/13.2.1-1.1.1/.content/bin/../lib/gcc/arm-none-eabi/13.2.1/../../../../arm-none-eabi/lib/thumb/v7e-m+fp/hard\libc_nano.a(libc_a-reent.o)
                              c:/Users/Chronikle/AppData/Roaming/Code/User/globalStorage/bmd.stm32-for-vscode/@xpack-dev-tools/arm-none-eabi-gcc/13.2.1-1.1.1/.content/bin/../lib/gcc/arm-none-eabi/13.2.1/../../../../arm-none-eabi/lib/thumb/v7e-m+fp/hard\libc_nano.a(libc_a-closer.o) (errno)
c:/Users/Chronikle/AppData/Roaming/Code/User/globalStorage/bmd.stm32-for-vscode/@xpack-dev-tools/arm-none-eabi-gcc/13.2.1-1.1.1/.content/bin/../lib/gcc/arm-none-eabi/13.2.1/../../../../arm-none-eabi/lib/thumb/v7e-m+fp/hard\libc_nano.a(libc_a-impure.o)
[...]
Memory Configuration

Name             Origin             Length             Attributes
RAM              0x20000000         0x00020000         xrw
CCMRAM           0x10000000         0x00010000         xrw
FLASH            0x08000000         0x00100000         xr
*default*        0x00000000         0xffffffff

Linker script and memory map

LOAD c:/Users/Chronikle/AppData/Roaming/Code/User/globalStorage/bmd.stm32-for-vscode/@xpack-dev-tools/arm-none-eabi-gcc/13.2.1-1.1.1/.content/bin/../lib/gcc/arm-none-eabi/13.2.1/thumb/v7e-m+fp/hard/crti.o
LOAD c:/Users/Chronikle/AppData/Roaming/Code/User/globalStorage/bmd.stm32-for-vscode/@xpack-dev-tools/arm-none-eabi-gcc/13.2.1-1.1.1/.content/bin/../lib/gcc/arm-none-eabi/13.2.1/thumb/v7e-m+fp/hard/crtbegin.o
LOAD c:/Users/Chronikle/AppData/Roaming/Code/User/globalStorage/bmd.stm32-for-vscode/@xpack-dev-tools/arm-none-eabi-gcc/13.2.1-1.1.1/.content/bin/../lib/gcc/arm-none-eabi/13.2.1/../../../../arm-none-eabi/lib/thumb/v7e-m+fp/hard/crt0.o
LOAD build/CANSPI.o
LOAD build/MCP2515.o
LOAD build/main.o
LOAD build/stm32f4xx_hal_msp.o
LOAD build/stm32f4xx_it.o
LOAD build/system_stm32f4xx.o
LOAD build/stm32f4xx_hal.o
LOAD build/stm32f4xx_hal_cortex.o
LOAD build/stm32f4xx_hal_dma.o
LOAD build/stm32f4xx_hal_dma_ex.o
LOAD build/stm32f4xx_hal_exti.o
LOAD build/stm32f4xx_hal_flash.o
LOAD build/stm32f4xx_hal_flash_ex.o
LOAD build/stm32f4xx_hal_flash_ramfunc.o
LOAD build/stm32f4xx_hal_gpio.o
LOAD build/stm32f4xx_hal_pcd.o
LOAD build/stm32f4xx_hal_pcd_ex.o
LOAD build/stm32f4xx_hal_pwr.o
LOAD build/stm32f4xx_hal_pwr_ex.o
LOAD build/stm32f4xx_hal_rcc.o
LOAD build/stm32f4xx_hal_rcc_ex.o
LOAD build/stm32f4xx_hal_spi.o
LOAD build/stm32f4xx_hal_tim.o
LOAD build/stm32f4xx_hal_tim_ex.o
LOAD build/stm32f4xx_ll_usb.o
LOAD build/usbd_cdc.o
LOAD build/usbd_core.o
LOAD build/usbd_ctlreq.o
LOAD build/usbd_ioreq.o
LOAD build/usb_device.o
LOAD build/usbd_cdc_if.o
LOAD build/usbd_desc.o
LOAD build/usbd_conf.o
LOAD build/startup_stm32f407xx.o
LOAD c:/Users/Chronikle/AppData/Roaming/Code/User/globalStorage/bmd.stm32-for-vscode/@xpack-dev-tools/arm-none-eabi-gcc/13.2.1-1.1.1/.content/bin/../lib/gcc/arm-none-eabi/13.2.1/../../../../arm-none-eabi/lib/thumb/v7e-m+fp/hard\libc_nano.a
LOAD c:/Users/Chronikle/AppData/Roaming/Code/User/globalStorage/bmd.stm32-for-vscode/@xpack-dev-tools/arm-none-eabi-gcc/13.2.1-1.1.1/.content/bin/../lib/gcc/arm-none-eabi/13.2.1/../../../../arm-none-eabi/lib/thumb/v7e-m+fp/hard\libm.a
LOAD c:/Users/Chronikle/AppData/Roaming/Code/User/globalStorage/bmd.stm32-for-vscode/@xpack-dev-tools/arm-none-eabi-gcc/13.2.1-1.1.1/.content/bin/../lib/gcc/arm-none-eabi/13.2.1/../../../../arm-none-eabi/lib/thumb/v7e-m+fp/hard\libnosys.a
START GROUP
LOAD c:/Users/Chronikle/AppData/Roaming/Code/User/globalStorage/bmd.stm32-for-vscode/@xpack-dev-tools/arm-none-eabi-gcc/13.2.1-1.1.1/.content/bin/../lib/gcc/arm-none-eabi/13.2.1/thumb/v7e-m+fp/hard\libgcc.a
LOAD c:/Users/Chronikle/AppData/Roaming/Code/User/globalStorage/bmd.stm32-for-vscode/@xpack-dev-tools/arm-none-eabi-gcc/13.2.1-1.1.1/.content/bin/../lib/gcc/arm-none-eabi/13.2.1/../../../../arm-none-eabi/lib/thumb/v7e-m+fp/hard\libc_nano.a
END GROUP
START GROUP
LOAD c:/Users/Chronikle/AppData/Roaming/Code/User/globalStorage/bmd.stm32-for-vscode/@xpack-dev-tools/arm-none-eabi-gcc/13.2.1-1.1.1/.content/bin/../lib/gcc/arm-none-eabi/13.2.1/thumb/v7e-m+fp/hard\libgcc.a
LOAD c:/Users/Chronikle/AppData/Roaming/Code/User/globalStorage/bmd.stm32-for-vscode/@xpack-dev-tools/arm-none-eabi-gcc/13.2.1-1.1.1/.content/bin/../lib/gcc/arm-none-eabi/13.2.1/../../../../arm-none-eabi/lib/thumb/v7e-m+fp/hard\libc_nano.a
END GROUP
LOAD c:/Users/Chronikle/AppData/Roaming/Code/User/globalStorage/bmd.stm32-for-vscode/@xpack-dev-tools/arm-none-eabi-gcc/13.2.1-1.1.1/.content/bin/../lib/gcc/arm-none-eabi/13.2.1/thumb/v7e-m+fp/hard/crtend.o
LOAD c:/Users/Chronikle/AppData/Roaming/Code/User/globalStorage/bmd.stm32-for-vscode/@xpack-dev-tools/arm-none-eabi-gcc/13.2.1-1.1.1/.content/bin/../lib/gcc/arm-none-eabi/13.2.1/thumb/v7e-m+fp/hard/crtn.o
                0x20020000                        _estack = (ORIGIN (RAM) + LENGTH (RAM))
                0x00000200                        _Min_Heap_Size = 0x200
                0x00000400                        _Min_Stack_Size = 0x400

.isr_vector     0x08000000      0x188
                0x08000000                        . = ALIGN (0x4)
 *(.isr_vector)
 .isr_vector    0x08000000      0x188 build/startup_stm32f407xx.o
                0x08000000                g_pfnVectors
                0x08000188                        . = ALIGN (0x4)

.text           0x08000190     0x5410
                0x08000190                        . = ALIGN (0x4)
 *(.text)
 .text          0x08000190       0x10 c:/Users/Chronikle/AppData/Roaming/Code/User/globalStorage/bmd.stm32-for-vscode/@xpack-dev-tools/arm-none-eabi-gcc/13.2.1-1.1.1/.content/bin/../lib/gcc/arm-none-eabi/13.2.1/../../../../arm-none-eabi/lib/thumb/v7e-m+fp/hard\libc_nano.a(libc_a-strlen.o)
                0x08000190                strlen
 .text          0x080001a0       0xa0 c:/Users/Chronikle/AppData/Roaming/Code/User/globalStorage/bmd.stm32-for-vscode/@xpack-dev-tools/arm-none-eabi-gcc/13.2.1-1.1.1/.content/bin/../lib/gcc/arm-none-eabi/13.2.1/../../../../arm-none-eabi/lib/thumb/v7e-m+fp/hard\libc_nano.a(libc_a-memchr.o)
                0x080001a0                memchr
 .text          0x08000240       0x30 c:/Users/Chronikle/AppData/Roaming/Code/User/globalStorage/bmd.stm32-for-vscode/@xpack-dev-tools/arm-none-eabi-gcc/13.2.1-1.1.1/.content/bin/../lib/gcc/arm-none-eabi/13.2.1/thumb/v7e-m+fp/hard\libgcc.a(_aeabi_uldivmod.o)
                0x08000240                __aeabi_uldivmod
 .text          0x08000270        0x4 c:/Users/Chronikle/AppData/Roaming/Code/User/globalStorage/bmd.stm32-for-vscode/@xpack-dev-tools/arm-none-eabi-gcc/13.2.1-1.1.1/.content/bin/../lib/gcc/arm-none-eabi/13.2.1/thumb/v7e-m+fp/hard\libgcc.a(_dvmd_tls.o)
                0x08000270                __aeabi_idiv0
                0x08000270                __aeabi_ldiv0
 *(.text*)
 .text.__do_global_dtors_aux
                0x08000274       0x24 c:/Users/Chronikle/AppData/Roaming/Code/User/globalStorage/bmd.stm32-for-vscode/@xpack-dev-tools/arm-none-eabi-gcc/13.2.1-1.1.1/.content/bin/../lib/gcc/arm-none-eabi/13.2.1/thumb/v7e-m+fp/hard/crtbegin.o
 .text.frame_dummy
                0x08000298       0x1c c:/Users/Chronikle/AppData/Roaming/Code/User/globalStorage/bmd.stm32-for-vscode/@xpack-dev-tools/arm-none-eabi-gcc/13.2.1-1.1.1/.content/bin/../lib/gcc/arm-none-eabi/13.2.1/thumb/v7e-m+fp/hard/crtbegin.o
 .text.convertCANid2Reg
                0x080002b4       0x36 build/CANSPI.o
 .text.CANSPI_Initialize
                0x080002ea      0x122 build/CANSPI.o
                0x080002ea                CANSPI_Initialize
 .text.CANSPI_Transmit
                0x0800040c       0xa4 build/CANSPI.o
                0x0800040c                CANSPI_Transmit
 .text.SPI_Tx   0x080004b0       0x20 build/MCP2515.o
 .text.SPI_TxBuffer
                0x080004d0       0x14 build/MCP2515.o
 .text.SPI_Rx   0x080004e4       0x20 build/MCP2515.o
 .text.MCP2515_Initialize
                0x08000504       0x30 build/MCP2515.o
                0x08000504                MCP2515_Initialize
 .text.MCP2515_ReadByte
                0x08000534       0x34 build/MCP2515.o
                0x08000534                MCP2515_ReadByte
 .text.MCP2515_WriteByte
                0x08000568       0x34 build/MCP2515.o
                0x08000568                MCP2515_WriteByte
 .text.MCP2515_SetConfigMode
                0x0800059c       0x2a build/MCP2515.o
                0x0800059c                MCP2515_SetConfigMode
 .text.MCP2515_SetNormalMode
                0x080005c6       0x26 build/MCP2515.o
                0x080005c6                MCP2515_SetNormalMode
 .text.MCP2515_WriteByteSequence
                0x080005ec       0x40 build/MCP2515.o
                0x080005ec                MCP2515_WriteByteSequence
 .text.MCP2515_LoadTxSequence
                0x0800062c       0x48 build/MCP2515.o
                0x0800062c                MCP2515_LoadTxSequence
 .text.MCP2515_RequestToSend
                0x08000674       0x28 build/MCP2515.o
                0x08000674                MCP2515_RequestToSend
 .text.MCP2515_ReadStatus
                0x0800069c       0x2c build/MCP2515.o
                0x0800069c                MCP2515_ReadStatus
 .text.MX_GPIO_Init
                0x080006c8       0x7c build/main.o
 .text.Error_Handler
                0x08000744        0x4 build/main.o
                0x08000744                Error_Handler
 .text.MX_SPI1_Init
                0x08000748       0x40 build/main.o
 .text.SystemClock_Config
                0x08000788       0xa8 build/main.o
                0x08000788                SystemClock_Config
 .text.main     0x08000830       0xc0 build/main.o
                0x08000830                main
 .text.HAL_MspInit
                0x080008f0       0x40 build/stm32f4xx_hal_msp.o
                0x080008f0                HAL_MspInit
 .text.HAL_SPI_MspInit
                0x08000930       0x70 build/stm32f4xx_hal_msp.o
                0x08000930                HAL_SPI_MspInit
 .text.NMI_Handler
                0x080009a0        0x2 build/stm32f4xx_it.o
                0x080009a0                NMI_Handler
 .text.HardFault_Handler
                0x080009a2        0x2 build/stm32f4xx_it.o
                0x080009a2                HardFault_Handler
 .text.MemManage_Handler
                0x080009a4        0x2 build/stm32f4xx_it.o
                0x080009a4                MemManage_Handler
 .text.BusFault_Handler
                0x080009a6        0x2 build/stm32f4xx_it.o
                0x080009a6                BusFault_Handler
 .text.UsageFault_Handler
                0x080009a8        0x2 build/stm32f4xx_it.o
                0x080009a8                UsageFault_Handler
 .text.SVC_Handler
                0x080009aa        0x2 build/stm32f4xx_it.o
                0x080009aa                SVC_Handler
 .text.DebugMon_Handler
                0x080009ac        0x2 build/stm32f4xx_it.o
                0x080009ac                DebugMon_Handler
 .text.PendSV_Handler
                0x080009ae        0x2 build/stm32f4xx_it.o
                0x080009ae                PendSV_Handler
 .text.SysTick_Handler
                0x080009b0        0x8 build/stm32f4xx_it.o
                0x080009b0                SysTick_Handler
 .text.OTG_FS_IRQHandler
                0x080009b8       0x10 build/stm32f4xx_it.o
                0x080009b8                OTG_FS_IRQHandler
 .text.SystemInit
                0x080009c8       0x14 build/system_stm32f4xx.o
                0x080009c8                SystemInit
 .text.HAL_InitTick
                0x080009dc       0x4c build/stm32f4xx_hal.o
                0x080009dc                HAL_InitTick
 .text.HAL_Init
                0x08000a28       0x34 build/stm32f4xx_hal.o
                0x08000a28                HAL_Init
 .text.HAL_IncTick
                0x08000a5c       0x18 build/stm32f4xx_hal.o
                0x08000a5c                HAL_IncTick
 .text.HAL_GetTick
                0x08000a74        0xc build/stm32f4xx_hal.o
                0x08000a74                HAL_GetTick
 .text.HAL_Delay
                0x08000a80       0x28 build/stm32f4xx_hal.o
                0x08000a80                HAL_Delay
 .text.__NVIC_EnableIRQ
                0x08000aa8       0x1c build/stm32f4xx_hal_cortex.o
 .text.__NVIC_SetPriority
                0x08000ac4       0x28 build/stm32f4xx_hal_cortex.o
 .text.NVIC_EncodePriority
                0x08000aec       0x3e build/stm32f4xx_hal_cortex.o
 *fill*         0x08000b2a        0x2 
 .text.HAL_NVIC_SetPriorityGrouping
                0x08000b2c       0x24 build/stm32f4xx_hal_cortex.o
                0x08000b2c                HAL_NVIC_SetPriorityGrouping
 .text.HAL_NVIC_SetPriority
                0x08000b50       0x20 build/stm32f4xx_hal_cortex.o
                0x08000b50                HAL_NVIC_SetPriority
 .text.HAL_NVIC_EnableIRQ
                0x08000b70        0x8 build/stm32f4xx_hal_cortex.o
                0x08000b70                HAL_NVIC_EnableIRQ
 .text.HAL_SYSTICK_Config
                0x08000b78       0x28 build/stm32f4xx_hal_cortex.o
                0x08000b78                HAL_SYSTICK_Config
 .text.HAL_GPIO_Init
                0x08000ba0      0x1ec build/stm32f4xx_hal_gpio.o
                0x08000ba0                HAL_GPIO_Init
 .text.HAL_GPIO_WritePin
                0x08000d8c        0xc build/stm32f4xx_hal_gpio.o
                0x08000d8c                HAL_GPIO_WritePin
 .text.PCD_WriteEmptyTxFifo
                0x08000d98       0xd0 build/stm32f4xx_hal_pcd.o
 .text.HAL_PCD_Init
                0x08000e68      0x102 build/stm32f4xx_hal_pcd.o
                0x08000e68                HAL_PCD_Init
 .text.HAL_PCD_Start
                0x08000f6a       0x44 build/stm32f4xx_hal_pcd.o
                0x08000f6a                HAL_PCD_Start
 *fill*         0x08000fae        0x2 
 .text.PCD_EP_OutXfrComplete_int
                0x08000fb0      0x104 build/stm32f4xx_hal_pcd.o
 .text.PCD_EP_OutSetupPacket_int
                0x080010b4       0x50 build/stm32f4xx_hal_pcd.o
 .text.HAL_PCD_SetAddress
                0x08001104       0x26 build/stm32f4xx_hal_pcd.o
                0x08001104                HAL_PCD_SetAddress
 .text.HAL_PCD_EP_Open
                0x0800112a       0x88 build/stm32f4xx_hal_pcd.o
                0x0800112a                HAL_PCD_EP_Open
 .text.HAL_PCD_EP_Close
                0x080011b2       0x70 build/stm32f4xx_hal_pcd.o
                0x080011b2                HAL_PCD_EP_Close
 .text.HAL_PCD_EP_Receive
                0x08001222       0x4a build/stm32f4xx_hal_pcd.o
                0x08001222                HAL_PCD_EP_Receive
 .text.HAL_PCD_EP_GetRxCount
                0x0800126c       0x12 build/stm32f4xx_hal_pcd.o
                0x0800126c                HAL_PCD_EP_GetRxCount
 .text.HAL_PCD_EP_Transmit
                0x0800127e       0x4a build/stm32f4xx_hal_pcd.o
                0x0800127e                HAL_PCD_EP_Transmit
 .text.HAL_PCD_EP_SetStall
                0x080012c8       0x86 build/stm32f4xx_hal_pcd.o
                0x080012c8                HAL_PCD_EP_SetStall
 .text.HAL_PCD_EP_ClrStall
                0x0800134e       0x74 build/stm32f4xx_hal_pcd.o
                0x0800134e                HAL_PCD_EP_ClrStall
 .text.HAL_PCD_EP_Abort
                0x080013c2       0x34 build/stm32f4xx_hal_pcd.o
                0x080013c2                HAL_PCD_EP_Abort
 .text.HAL_PCD_IRQHandler
                0x080013f6      0x5c0 build/stm32f4xx_hal_pcd.o
                0x080013f6                HAL_PCD_IRQHandler
 .text.HAL_PCDEx_SetTxFiFo
                0x080019b6       0x4c build/stm32f4xx_hal_pcd_ex.o
                0x080019b6                HAL_PCDEx_SetTxFiFo
 .text.HAL_PCDEx_SetRxFiFo
                0x08001a02        0x8 build/stm32f4xx_hal_pcd_ex.o
                0x08001a02                HAL_PCDEx_SetRxFiFo
 .text.HAL_PCDEx_LPM_Callback
                0x08001a0a        0x2 build/stm32f4xx_hal_pcd_ex.o
                0x08001a0a                HAL_PCDEx_LPM_Callback
 .text.HAL_RCC_OscConfig
                0x08001a0c      0x3f8 build/stm32f4xx_hal_rcc.o
                0x08001a0c                HAL_RCC_OscConfig
 .text.HAL_RCC_GetSysClockFreq
                0x08001e04       0xdc build/stm32f4xx_hal_rcc.o
                0x08001e04                HAL_RCC_GetSysClockFreq
 .text.HAL_RCC_ClockConfig
                0x08001ee0      0x160 build/stm32f4xx_hal_rcc.o
                0x08001ee0                HAL_RCC_ClockConfig
 .text.HAL_RCC_GetHCLKFreq
                0x08002040        0xc build/stm32f4xx_hal_rcc.o
                0x08002040                HAL_RCC_GetHCLKFreq
 .text.SPI_WaitFlagStateUntilTimeout
                0x0800204c       0xc8 build/stm32f4xx_hal_spi.o
 .text.SPI_EndRxTxTransaction
                0x08002114       0x80 build/stm32f4xx_hal_spi.o
 .text.SPI_EndRxTransaction
                0x08002194       0x8c build/stm32f4xx_hal_spi.o
 .text.HAL_SPI_Init
                0x08002220       0xbe build/stm32f4xx_hal_spi.o
                0x08002220                HAL_SPI_Init
 .text.HAL_SPI_Transmit
                0x080022de      0x1b8 build/stm32f4xx_hal_spi.o
                0x080022de                HAL_SPI_Transmit
 .text.HAL_SPI_TransmitReceive
                0x08002496      0x244 build/stm32f4xx_hal_spi.o
                0x08002496                HAL_SPI_TransmitReceive
 .text.HAL_SPI_Receive
                0x080026da      0x17e build/stm32f4xx_hal_spi.o
                0x080026da                HAL_SPI_Receive
 .text.HAL_SPI_GetState
                0x08002858        0x6 build/stm32f4xx_hal_spi.o
                0x08002858                HAL_SPI_GetState
 .text.USB_CoreReset
                0x0800285e       0x4a build/stm32f4xx_ll_usb.o
 .text.USB_CoreInit
                0x080028a8       0x92 build/stm32f4xx_ll_usb.o
                0x080028a8                USB_CoreInit
 *fill*         0x0800293a        0x2 
 .text.USB_SetTurnaroundTime
                0x0800293c       0xe4 build/stm32f4xx_ll_usb.o
                0x0800293c                USB_SetTurnaroundTime
 .text.USB_EnableGlobalInt
                0x08002a20        0xc build/stm32f4xx_ll_usb.o
                0x08002a20                USB_EnableGlobalInt
 .text.USB_DisableGlobalInt
                0x08002a2c        0xc build/stm32f4xx_ll_usb.o
                0x08002a2c                USB_DisableGlobalInt
 .text.USB_FlushTxFifo
                0x08002a38       0x4a build/stm32f4xx_ll_usb.o
                0x08002a38                USB_FlushTxFifo
 .text.USB_FlushRxFifo
                0x08002a82       0x46 build/stm32f4xx_ll_usb.o
                0x08002a82                USB_FlushRxFifo
 .text.USB_SetDevSpeed
                0x08002ac8        0xe build/stm32f4xx_ll_usb.o
                0x08002ac8                USB_SetDevSpeed
 *fill*         0x08002ad6        0x2 
 .text.USB_DevInit
                0x08002ad8      0x194 build/stm32f4xx_ll_usb.o
                0x08002ad8                USB_DevInit
 .text.USB_GetDevSpeed
                0x08002c6c       0x22 build/stm32f4xx_ll_usb.o
                0x08002c6c                USB_GetDevSpeed
 .text.USB_ActivateEndpoint
                0x08002c8e       0x9a build/stm32f4xx_ll_usb.o
                0x08002c8e                USB_ActivateEndpoint
 .text.USB_DeactivateEndpoint
                0x08002d28       0xe0 build/stm32f4xx_ll_usb.o
                0x08002d28                USB_DeactivateEndpoint
 .text.USB_EPStopXfer
                0x08002e08       0xbe build/stm32f4xx_ll_usb.o
                0x08002e08                USB_EPStopXfer
 .text.USB_WritePacket
                0x08002ec6       0x2e build/stm32f4xx_ll_usb.o
                0x08002ec6                USB_WritePacket
 .text.USB_EPStartXfer
                0x08002ef4      0x238 build/stm32f4xx_ll_usb.o
                0x08002ef4                USB_EPStartXfer
 .text.USB_ReadPacket
                0x0800312c       0x46 build/stm32f4xx_ll_usb.o
                0x0800312c                USB_ReadPacket
 .text.USB_EPSetStall
                0x08003172       0x5a build/stm32f4xx_ll_usb.o
                0x08003172                USB_EPSetStall
 .text.USB_EPClearStall
                0x080031cc       0x5c build/stm32f4xx_ll_usb.o
                0x080031cc                USB_EPClearStall
 .text.USB_SetDevAddress
                0x08003228       0x20 build/stm32f4xx_ll_usb.o
                0x08003228                USB_SetDevAddress
 .text.USB_DevConnect
                0x08003248       0x1c build/stm32f4xx_ll_usb.o
                0x08003248                USB_DevConnect
 .text.USB_DevDisconnect
                0x08003264       0x1c build/stm32f4xx_ll_usb.o
                0x08003264                USB_DevDisconnect
 .text.USB_ReadInterrupts
                0x08003280        0x8 build/stm32f4xx_ll_usb.o
                0x08003280                USB_ReadInterrupts
 .text.USB_ReadDevAllOutEpInterrupt
                0x08003288       0x10 build/stm32f4xx_ll_usb.o
                0x08003288                USB_ReadDevAllOutEpInterrupt
 .text.USB_ReadDevAllInEpInterrupt
                0x08003298       0x10 build/stm32f4xx_ll_usb.o
                0x08003298                USB_ReadDevAllInEpInterrupt
 .text.USB_ReadDevOutEPInterrupt
                0x080032a8       0x12 build/stm32f4xx_ll_usb.o
                0x080032a8                USB_ReadDevOutEPInterrupt
 .text.USB_ReadDevInEPInterrupt
                0x080032ba       0x24 build/stm32f4xx_ll_usb.o
                0x080032ba                USB_ReadDevInEPInterrupt
 .text.USB_GetMode
                0x080032de        0x8 build/stm32f4xx_ll_usb.o
                0x080032de                USB_GetMode
 .text.USB_SetCurrentMode
                0x080032e6       0x62 build/stm32f4xx_ll_usb.o
                0x080032e6                USB_SetCurrentMode
 .text.USB_ActivateSetup
                0x08003348       0x1c build/stm32f4xx_ll_usb.o
                0x08003348                USB_ActivateSetup
 .text.USB_EP0_OutStart
                0x08003364       0x60 build/stm32f4xx_ll_usb.o
                0x08003364                USB_EP0_OutStart
 .text.USBD_CDC_EP0_RxReady
                0x080033c4       0x40 build/usbd_cdc.o
 .text.USBD_CDC_GetDeviceQualifierDescriptor
                0x08003404        0xc build/usbd_cdc.o
                0x08003404                USBD_CDC_GetDeviceQualifierDescriptor
 .text.USBD_CDC_GetOtherSpeedCfgDesc
                0x08003410       0x48 build/usbd_cdc.o
 .text.USBD_CDC_GetFSCfgDesc
                0x08003458       0x48 build/usbd_cdc.o
 .text.USBD_CDC_GetHSCfgDesc
                0x080034a0       0x48 build/usbd_cdc.o
 .text.USBD_CDC_DataOut
                0x080034e8       0x38 build/usbd_cdc.o
 .text.USBD_CDC_DataIn
                0x08003520       0x7c build/usbd_cdc.o
 .text.USBD_CDC_Setup
                0x0800359c      0x11a build/usbd_cdc.o
 .text.USBD_CDC_DeInit
                0x080036b6       0x64 build/usbd_cdc.o
 .text.USBD_CDC_Init
                0x0800371a       0xee build/usbd_cdc.o
 .text.USBD_CDC_RegisterInterface
                0x08003808       0x16 build/usbd_cdc.o
                0x08003808                USBD_CDC_RegisterInterface
 .text.USBD_CDC_SetTxBuffer
                0x0800381e       0x1c build/usbd_cdc.o
                0x0800381e                USBD_CDC_SetTxBuffer
 .text.USBD_CDC_SetRxBuffer
                0x0800383a       0x18 build/usbd_cdc.o
                0x0800383a                USBD_CDC_SetRxBuffer
 .text.USBD_CDC_TransmitPacket
                0x08003852       0x36 build/usbd_cdc.o
                0x08003852                USBD_CDC_TransmitPacket
 .text.USBD_CDC_ReceivePacket
                0x08003888       0x38 build/usbd_cdc.o
                0x08003888                USBD_CDC_ReceivePacket
 .text.USBD_Init
                0x080038c0       0x2e build/usbd_core.o
                0x080038c0                USBD_Init
 .text.USBD_RegisterClass
                0x080038ee       0x34 build/usbd_core.o
                0x080038ee                USBD_RegisterClass
 .text.USBD_Start
                0x08003922        0x8 build/usbd_core.o
                0x08003922                USBD_Start
 .text.USBD_SetClassConfig
                0x0800392a       0x12 build/usbd_core.o
                0x0800392a                USBD_SetClassConfig
 .text.USBD_ClrClassConfig
                0x0800393c       0x12 build/usbd_core.o
                0x0800393c                USBD_ClrClassConfig
 .text.USBD_LL_SetupStage
                0x0800394e       0x58 build/usbd_core.o
                0x0800394e                USBD_LL_SetupStage
 .text.USBD_LL_Reset
                0x080039a6       0x64 build/usbd_core.o
                0x080039a6                USBD_LL_Reset
 .text.USBD_LL_SetSpeed
                0x08003a0a        0x6 build/usbd_core.o
                0x08003a0a                USBD_LL_SetSpeed
 .text.USBD_LL_Suspend
                0x08003a10       0x1e build/usbd_core.o
                0x08003a10                USBD_LL_Suspend
 .text.USBD_LL_Resume
                0x08003a2e       0x1a build/usbd_core.o
                0x08003a2e                USBD_LL_Resume
 .text.USBD_LL_SOF
                0x08003a48       0x22 build/usbd_core.o
                0x08003a48                USBD_LL_SOF
 .text.USBD_LL_IsoINIncomplete
                0x08003a6a       0x2e build/usbd_core.o
                0x08003a6a                USBD_LL_IsoINIncomplete
 .text.USBD_LL_IsoOUTIncomplete
                0x08003a98       0x2e build/usbd_core.o
                0x08003a98                USBD_LL_IsoOUTIncomplete
 .text.USBD_LL_DevConnected
                0x08003ac6        0x4 build/usbd_core.o
                0x08003ac6                USBD_LL_DevConnected
 .text.USBD_LL_DevDisconnected
                0x08003aca       0x20 build/usbd_core.o
                0x08003aca                USBD_LL_DevDisconnected
 .text.USBD_CoreFindIF
                0x08003aea        0x4 build/usbd_core.o
                0x08003aea                USBD_CoreFindIF
 .text.USBD_CoreFindEP
                0x08003aee        0x4 build/usbd_core.o
                0x08003aee                USBD_CoreFindEP
 .text.USBD_LL_DataOutStage
                0x08003af2       0xc4 build/usbd_core.o
                0x08003af2                USBD_LL_DataOutStage
 .text.USBD_LL_DataInStage
                0x08003bb6       0xd6 build/usbd_core.o
                0x08003bb6                USBD_LL_DataInStage
 .text.USBD_GetNextDesc
                0x08003c8c        0xe build/usbd_core.o
                0x08003c8c                USBD_GetNextDesc
 .text.USBD_GetEpDesc
                0x08003c9a       0x3e build/usbd_core.o
                0x08003c9a                USBD_GetEpDesc
 .text.USBD_GetLen
                0x08003cd8       0x14 build/usbd_ctlreq.o
 .text.USBD_ParseSetupRequest
                0x08003cec       0x28 build/usbd_ctlreq.o
                0x08003cec                USBD_ParseSetupRequest
 .text.USBD_CtlError
                0x08003d14       0x14 build/usbd_ctlreq.o
                0x08003d14                USBD_CtlError
 .text.USBD_GetDescriptor
                0x08003d28      0x18a build/usbd_ctlreq.o
 .text.USBD_SetAddress
                0x08003eb2       0x50 build/usbd_ctlreq.o
 *fill*         0x08003f02        0x2 
 .text.USBD_SetConfig
                0x08003f04       0xcc build/usbd_ctlreq.o
 .text.USBD_GetConfig
                0x08003fd0       0x40 build/usbd_ctlreq.o
 .text.USBD_GetStatus
                0x08004010       0x38 build/usbd_ctlreq.o
 .text.USBD_SetFeature
                0x08004048       0x2a build/usbd_ctlreq.o
 .text.USBD_ClrFeature
                0x08004072       0x26 build/usbd_ctlreq.o
 .text.USBD_StdDevReq
                0x08004098       0x76 build/usbd_ctlreq.o
                0x08004098                USBD_StdDevReq
 .text.USBD_StdItfReq
                0x0800410e       0x84 build/usbd_ctlreq.o
                0x0800410e                USBD_StdItfReq
 .text.USBD_StdEPReq
                0x08004192      0x230 build/usbd_ctlreq.o
                0x08004192                USBD_StdEPReq
 .text.USBD_GetString
                0x080043c2       0x3a build/usbd_ctlreq.o
                0x080043c2                USBD_GetString
 .text.USBD_CtlSendData
                0x080043fc       0x1a build/usbd_ioreq.o
                0x080043fc                USBD_CtlSendData
 .text.USBD_CtlContinueSendData
                0x08004416       0x10 build/usbd_ioreq.o
                0x08004416                USBD_CtlContinueSendData
 .text.USBD_CtlPrepareRx
                0x08004426       0x1e build/usbd_ioreq.o
                0x08004426                USBD_CtlPrepareRx
 .text.USBD_CtlContinueRx
                0x08004444       0x10 build/usbd_ioreq.o
                0x08004444                USBD_CtlContinueRx
 .text.USBD_CtlSendStatus
                0x08004454       0x16 build/usbd_ioreq.o
                0x08004454                USBD_CtlSendStatus
 .text.USBD_CtlReceiveStatus
                0x0800446a       0x16 build/usbd_ioreq.o
                0x0800446a                USBD_CtlReceiveStatus
 .text.MX_USB_DEVICE_Init
                0x08004480       0x54 build/usb_device.o
                0x08004480                MX_USB_DEVICE_Init
 .text.CDC_DeInit_FS
                0x080044d4        0x4 build/usbd_cdc_if.o
 .text.CDC_Control_FS
                0x080044d8        0x4 build/usbd_cdc_if.o
 .text.CDC_TransmitCplt_FS
                0x080044dc        0x4 build/usbd_cdc_if.o
 .text.CDC_Receive_FS
                0x080044e0       0x1c build/usbd_cdc_if.o
 .text.CDC_Init_FS
                0x080044fc       0x28 build/usbd_cdc_if.o
 .text.CDC_Transmit_FS
                0x08004524       0x2c build/usbd_cdc_if.o
                0x08004524                CDC_Transmit_FS
 .text.USBD_FS_DeviceDescriptor
                0x08004550        0xc build/usbd_desc.o
                0x08004550                USBD_FS_DeviceDescriptor
 .text.USBD_FS_LangIDStrDescriptor
                0x0800455c        0xc build/usbd_desc.o
                0x0800455c                USBD_FS_LangIDStrDescriptor
 .text.IntToUnicode
                0x08004568       0x46 build/usbd_desc.o
 *fill*         0x080045ae        0x2 
 .text.Get_SerialNum
                0x080045b0       0x38 build/usbd_desc.o
 .text.USBD_FS_SerialStrDescriptor
                0x080045e8       0x14 build/usbd_desc.o
                0x080045e8                USBD_FS_SerialStrDescriptor
 .text.USBD_FS_ProductStrDescriptor
                0x080045fc       0x24 build/usbd_desc.o
                0x080045fc                USBD_FS_ProductStrDescriptor
 .text.USBD_FS_ManufacturerStrDescriptor
                0x08004620       0x1c build/usbd_desc.o
                0x08004620                USBD_FS_ManufacturerStrDescriptor
 .text.USBD_FS_ConfigStrDescriptor
                0x0800463c       0x24 build/usbd_desc.o
                0x0800463c                USBD_FS_ConfigStrDescriptor
 .text.USBD_FS_InterfaceStrDescriptor
                0x08004660       0x24 build/usbd_desc.o
                0x08004660                USBD_FS_InterfaceStrDescriptor
 .text.HAL_PCD_MspInit
                0x08004684       0x84 build/usbd_conf.o
                0x08004684                HAL_PCD_MspInit
 .text.HAL_PCD_SetupStageCallback
                0x08004708       0x10 build/usbd_conf.o
                0x08004708                HAL_PCD_SetupStageCallback
 .text.HAL_PCD_DataOutStageCallback
                0x08004718       0x18 build/usbd_conf.o
                0x08004718                HAL_PCD_DataOutStageCallback
 .text.HAL_PCD_DataInStageCallback
                0x08004730       0x16 build/usbd_conf.o
                0x08004730                HAL_PCD_DataInStageCallback
 .text.HAL_PCD_SOFCallback
                0x08004746        0xc build/usbd_conf.o
                0x08004746                HAL_PCD_SOFCallback
 .text.HAL_PCD_ResetCallback
                0x08004752       0x28 build/usbd_conf.o
                0x08004752                HAL_PCD_ResetCallback
 *fill*         0x0800477a        0x2 
 .text.HAL_PCD_SuspendCallback
                0x0800477c       0x30 build/usbd_conf.o
                0x0800477c                HAL_PCD_SuspendCallback
 .text.HAL_PCD_ResumeCallback
                0x080047ac        0xc build/usbd_conf.o
                0x080047ac                HAL_PCD_ResumeCallback
 .text.HAL_PCD_ISOOUTIncompleteCallback
                0x080047b8        0xc build/usbd_conf.o
                0x080047b8                HAL_PCD_ISOOUTIncompleteCallback
 .text.HAL_PCD_ISOINIncompleteCallback
                0x080047c4        0xc build/usbd_conf.o
                0x080047c4                HAL_PCD_ISOINIncompleteCallback
 .text.HAL_PCD_ConnectCallback
                0x080047d0        0xc build/usbd_conf.o
                0x080047d0                HAL_PCD_ConnectCallback
 .text.HAL_PCD_DisconnectCallback
                0x080047dc        0xc build/usbd_conf.o
                0x080047dc                HAL_PCD_DisconnectCallback
 .text.USBD_LL_Init
                0x080047e8       0x68 build/usbd_conf.o
                0x080047e8                USBD_LL_Init
 .text.USBD_LL_IsStallEP
                0x08004850       0x2c build/usbd_conf.o
                0x08004850                USBD_LL_IsStallEP
 .text.USBD_LL_GetRxDataSize
                0x0800487c        0xc build/usbd_conf.o
                0x0800487c                USBD_LL_GetRxDataSize
 .text.USBD_static_malloc
                0x08004888        0x8 build/usbd_conf.o
                0x08004888                USBD_static_malloc
 .text.USBD_static_free
                0x08004890        0x2 build/usbd_conf.o
                0x08004890                USBD_static_free
 .text.USBD_Get_USB_Status
                0x08004892       0x14 build/usbd_conf.o
                0x08004892                USBD_Get_USB_Status
 .text.USBD_LL_Start
                0x080048a6       0x10 build/usbd_conf.o
                0x080048a6                USBD_LL_Start
 .text.USBD_LL_OpenEP
                0x080048b6       0x16 build/usbd_conf.o
                0x080048b6                USBD_LL_OpenEP
 .text.USBD_LL_CloseEP
                0x080048cc       0x10 build/usbd_conf.o
                0x080048cc                USBD_LL_CloseEP
 .text.USBD_LL_StallEP
                0x080048dc       0x10 build/usbd_conf.o
                0x080048dc                USBD_LL_StallEP
 .text.USBD_LL_ClearStallEP
                0x080048ec       0x10 build/usbd_conf.o
                0x080048ec                USBD_LL_ClearStallEP
 .text.USBD_LL_SetUSBAddress
                0x080048fc       0x10 build/usbd_conf.o
                0x080048fc                USBD_LL_SetUSBAddress
 .text.USBD_LL_Transmit
                0x0800490c       0x10 build/usbd_conf.o
                0x0800490c                USBD_LL_Transmit
 .text.USBD_LL_PrepareReceive
                0x0800491c       0x10 build/usbd_conf.o
                0x0800491c                USBD_LL_PrepareReceive
 .text.Reset_Handler
                0x0800492c       0x50 build/startup_stm32f407xx.o
                0x0800492c                Reset_Handler
 .text.Default_Handler
                0x0800497c        0x2 build/startup_stm32f407xx.o
                0x0800497c                RTC_Alarm_IRQHandler
                0x0800497c                HASH_RNG_IRQHandler
                0x0800497c                EXTI2_IRQHandler
                0x0800497c                TIM8_CC_IRQHandler
                0x0800497c                TIM1_CC_IRQHandler
                0x0800497c                DMA2_Stream5_IRQHandler
                0x0800497c                DMA1_Stream5_IRQHandler
                0x0800497c                PVD_IRQHandler
                0x0800497c                SDIO_IRQHandler
                0x0800497c                TAMP_STAMP_IRQHandler
                0x0800497c                CAN2_RX1_IRQHandler
                0x0800497c                EXTI3_IRQHandler
                0x0800497c                TIM8_TRG_COM_TIM14_IRQHandler
                0x0800497c                TIM1_UP_TIM10_IRQHandler
                0x0800497c                TIM8_UP_TIM13_IRQHandler
                0x0800497c                I2C3_ER_IRQHandler
                0x0800497c                EXTI0_IRQHandler
                0x0800497c                I2C2_EV_IRQHandler
                0x0800497c                DMA1_Stream2_IRQHandler
                0x0800497c                CAN1_RX0_IRQHandler
                0x0800497c                FPU_IRQHandler
                0x0800497c                OTG_HS_WKUP_IRQHandler
                0x0800497c                CAN2_SCE_IRQHandler
                0x0800497c                DMA2_Stream2_IRQHandler
                0x0800497c                SPI1_IRQHandler
                0x0800497c                TIM6_DAC_IRQHandler
                0x0800497c                TIM1_BRK_TIM9_IRQHandler
                0x0800497c                DCMI_IRQHandler
                0x0800497c                CAN2_RX0_IRQHandler
                0x0800497c                DMA2_Stream3_IRQHandler
                0x0800497c                USART6_IRQHandler
                0x0800497c                USART3_IRQHandler
                0x0800497c                CAN1_RX1_IRQHandler
                0x0800497c                UART5_IRQHandler
                0x0800497c                DMA2_Stream0_IRQHandler
                0x0800497c                TIM4_IRQHandler
                0x0800497c                I2C1_EV_IRQHandler
                0x0800497c                DMA1_Stream6_IRQHandler
                0x0800497c                DMA1_Stream1_IRQHandler
                0x0800497c                UART4_IRQHandler
                0x0800497c                TIM3_IRQHandler
                0x0800497c                RCC_IRQHandler
                0x0800497c                TIM8_BRK_TIM12_IRQHandler
                0x0800497c                Default_Handler
                0x0800497c                EXTI15_10_IRQHandler
                0x0800497c                ADC_IRQHandler
                0x0800497c                DMA1_Stream7_IRQHandler
                0x0800497c                TIM7_IRQHandler
                0x0800497c                CAN2_TX_IRQHandler
                0x0800497c                TIM5_IRQHandler
                0x0800497c                DMA2_Stream7_IRQHandler
                0x0800497c                I2C3_EV_IRQHandler
                0x0800497c                EXTI9_5_IRQHandler
                0x0800497c                RTC_WKUP_IRQHandler
                0x0800497c                ETH_WKUP_IRQHandler
                0x0800497c                SPI2_IRQHandler
                0x0800497c                OTG_HS_EP1_IN_IRQHandler
                0x0800497c                DMA1_Stream0_IRQHandler
                0x0800497c                CAN1_TX_IRQHandler
                0x0800497c                EXTI4_IRQHandler
                0x0800497c                FSMC_IRQHandler
                0x0800497c                ETH_IRQHandler
                0x0800497c                OTG_HS_EP1_OUT_IRQHandler
                0x0800497c                WWDG_IRQHandler
                0x0800497c                TIM2_IRQHandler
                0x0800497c                OTG_FS_WKUP_IRQHandler
                0x0800497c                TIM1_TRG_COM_TIM11_IRQHandler
                0x0800497c                OTG_HS_IRQHandler
                0x0800497c                EXTI1_IRQHandler
                0x0800497c                USART2_IRQHandler
                0x0800497c                I2C2_ER_IRQHandler
                0x0800497c                DMA2_Stream1_IRQHandler
                0x0800497c                CAN1_SCE_IRQHandler
                0x0800497c                FLASH_IRQHandler
                0x0800497c                DMA2_Stream4_IRQHandler
                0x0800497c                USART1_IRQHandler
                0x0800497c                SPI3_IRQHandler
                0x0800497c                DMA1_Stream4_IRQHandler
                0x0800497c                I2C1_ER_IRQHandler
                0x0800497c                DMA2_Stream6_IRQHandler
                0x0800497c                DMA1_Stream3_IRQHandler
 *fill*         0x0800497e        0x2 
 .text.sprintf  0x08004980       0x40 c:/Users/Chronikle/AppData/Roaming/Code/User/globalStorage/bmd.stm32-for-vscode/@xpack-dev-tools/arm-none-eabi-gcc/13.2.1-1.1.1/.content/bin/../lib/gcc/arm-none-eabi/13.2.1/../../../../arm-none-eabi/lib/thumb/v7e-m+fp/hard\libc_nano.a(libc_a-sprintf.o)
                0x08004980                siprintf
                0x08004980                sprintf
 .text.memset   0x080049c0       0x10 c:/Users/Chronikle/AppData/Roaming/Code/User/globalStorage/bmd.stm32-for-vscode/@xpack-dev-tools/arm-none-eabi-gcc/13.2.1-1.1.1/.content/bin/../lib/gcc/arm-none-eabi/13.2.1/../../../../arm-none-eabi/lib/thumb/v7e-m+fp/hard\libc_nano.a(libc_a-memset.o)
                0x080049c0                memset
 .text.__libc_init_array
                0x080049d0       0x48 c:/Users/Chronikle/AppData/Roaming/Code/User/globalStorage/bmd.stm32-for-vscode/@xpack-dev-tools/arm-none-eabi-gcc/13.2.1-1.1.1/.content/bin/../lib/gcc/arm-none-eabi/13.2.1/../../../../arm-none-eabi/lib/thumb/v7e-m+fp/hard\libc_nano.a(libc_a-init.o)
                0x080049d0                __libc_init_array
 .text.__retarget_lock_acquire_recursive
                0x08004a18        0x2 c:/Users/Chronikle/AppData/Roaming/Code/User/globalStorage/bmd.stm32-for-vscode/@xpack-dev-tools/arm-none-eabi-gcc/13.2.1-1.1.1/.content/bin/../lib/gcc/arm-none-eabi/13.2.1/../../../../arm-none-eabi/lib/thumb/v7e-m+fp/hard\libc_nano.a(libc_a-lock.o)
                0x08004a18                __retarget_lock_acquire_recursive
 .text.__retarget_lock_release_recursive
                0x08004a1a        0x2 c:/Users/Chronikle/AppData/Roaming/Code/User/globalStorage/bmd.stm32-for-vscode/@xpack-dev-tools/arm-none-eabi-gcc/13.2.1-1.1.1/.content/bin/../lib/gcc/arm-none-eabi/13.2.1/../../../../arm-none-eabi/lib/thumb/v7e-m+fp/hard\libc_nano.a(libc_a-lock.o)
                0x08004a1a                __retarget_lock_release_recursive
 .text._free_r  0x08004a1c       0x94 c:/Users/Chronikle/AppData/Roaming/Code/User/globalStorage/bmd.stm32-for-vscode/@xpack-dev-tools/arm-none-eabi-gcc/13.2.1-1.1.1/.content/bin/../lib/gcc/arm-none-eabi/13.2.1/../../../../arm-none-eabi/lib/thumb/v7e-m+fp/hard\libc_nano.a(libc_a-freer.o)
                0x08004a1c                _free_r
 .text.sbrk_aligned
                0x08004ab0       0x44 c:/Users/Chronikle/AppData/Roaming/Code/User/globalStorage/bmd.stm32-for-vscode/@xpack-dev-tools/arm-none-eabi-gcc/13.2.1-1.1.1/.content/bin/../lib/gcc/arm-none-eabi/13.2.1/../../../../arm-none-eabi/lib/thumb/v7e-m+fp/hard\libc_nano.a(libc_a-mallocr.o)
 .text._malloc_r
                0x08004af4      0x100 c:/Users/Chronikle/AppData/Roaming/Code/User/globalStorage/bmd.stm32-for-vscode/@xpack-dev-tools/arm-none-eabi-gcc/13.2.1-1.1.1/.content/bin/../lib/gcc/arm-none-eabi/13.2.1/../../../../arm-none-eabi/lib/thumb/v7e-m+fp/hard\libc_nano.a(libc_a-mallocr.o)
                0x08004af4                _malloc_r
 .text.__malloc_lock
                0x08004bf4        0xc c:/Users/Chronikle/AppData/Roaming/Code/User/globalStorage/bmd.stm32-for-vscode/@xpack-dev-tools/arm-none-eabi-gcc/13.2.1-1.1.1/.content/bin/../lib/gcc/arm-none-eabi/13.2.1/../../../../arm-none-eabi/lib/thumb/v7e-m+fp/hard\libc_nano.a(libc_a-mlock.o)
                0x08004bf4                __malloc_lock
 .text.__malloc_unlock
                0x08004c00        0xc c:/Users/Chronikle/AppData/Roaming/Code/User/globalStorage/bmd.stm32-for-vscode/@xpack-dev-tools/arm-none-eabi-gcc/13.2.1-1.1.1/.content/bin/../lib/gcc/arm-none-eabi/13.2.1/../../../../arm-none-eabi/lib/thumb/v7e-m+fp/hard\libc_nano.a(libc_a-mlock.o)
                0x08004c00                __malloc_unlock
 .text.__ssputs_r
                0x08004c0c       0xb6 c:/Users/Chronikle/AppData/Roaming/Code/User/globalStorage/bmd.stm32-for-vscode/@xpack-dev-tools/arm-none-eabi-gcc/13.2.1-1.1.1/.content/bin/../lib/gcc/arm-none-eabi/13.2.1/../../../../arm-none-eabi/lib/thumb/v7e-m+fp/hard\libc_nano.a(libc_a-nano-svfprintf.o)
                0x08004c0c                __ssputs_r
 *fill*         0x08004cc2        0x2 
 .text._svfprintf_r
                0x08004cc4      0x1f8 c:/Users/Chronikle/AppData/Roaming/Code/User/globalStorage/bmd.stm32-for-vscode/@xpack-dev-tools/arm-none-eabi-gcc/13.2.1-1.1.1/.content/bin/../lib/gcc/arm-none-eabi/13.2.1/../../../../arm-none-eabi/lib/thumb/v7e-m+fp/hard\libc_nano.a(libc_a-nano-svfprintf.o)
                0x08004cc4                _svfiprintf_r
                0x08004cc4                _svfprintf_r
 .text._printf_common
                0x08004ebc       0xda c:/Users/Chronikle/AppData/Roaming/Code/User/globalStorage/bmd.stm32-for-vscode/@xpack-dev-tools/arm-none-eabi-gcc/13.2.1-1.1.1/.content/bin/../lib/gcc/arm-none-eabi/13.2.1/../../../../arm-none-eabi/lib/thumb/v7e-m+fp/hard\libc_nano.a(libc_a-nano-vfprintf_i.o)
                0x08004ebc                _printf_common
 *fill*         0x08004f96        0x2 
 .text._printf_i
                0x08004f98      0x23c c:/Users/Chronikle/AppData/Roaming/Code/User/globalStorage/bmd.stm32-for-vscode/@xpack-dev-tools/arm-none-eabi-gcc/13.2.1-1.1.1/.content/bin/../lib/gcc/arm-none-eabi/13.2.1/../../../../arm-none-eabi/lib/thumb/v7e-m+fp/hard\libc_nano.a(libc_a-nano-vfprintf_i.o)
                0x08004f98                _printf_i
 .text.memmove  0x080051d4       0x34 c:/Users/Chronikle/AppData/Roaming/Code/User/globalStorage/bmd.stm32-for-vscode/@xpack-dev-tools/arm-none-eabi-gcc/13.2.1-1.1.1/.content/bin/../lib/gcc/arm-none-eabi/13.2.1/../../../../arm-none-eabi/lib/thumb/v7e-m+fp/hard\libc_nano.a(libc_a-memmove.o)
                0x080051d4                memmove
 .text._sbrk_r  0x08005208       0x20 c:/Users/Chronikle/AppData/Roaming/Code/User/globalStorage/bmd.stm32-for-vscode/@xpack-dev-tools/arm-none-eabi-gcc/13.2.1-1.1.1/.content/bin/../lib/gcc/arm-none-eabi/13.2.1/../../../../arm-none-eabi/lib/thumb/v7e-m+fp/hard\libc_nano.a(libc_a-sbrkr.o)
                0x08005208                _sbrk_r
 .text.memcpy   0x08005228       0x1c c:/Users/Chronikle/AppData/Roaming/Code/User/globalStorage/bmd.stm32-for-vscode/@xpack-dev-tools/arm-none-eabi-gcc/13.2.1-1.1.1/.content/bin/../lib/gcc/arm-none-eabi/13.2.1/../../../../arm-none-eabi/lib/thumb/v7e-m+fp/hard\libc_nano.a(libc_a-memcpy-stub.o)
                0x08005228                memcpy
 .text._realloc_r
                0x08005244       0x5c c:/Users/Chronikle/AppData/Roaming/Code/User/globalStorage/bmd.stm32-for-vscode/@xpack-dev-tools/arm-none-eabi-gcc/13.2.1-1.1.1/.content/bin/../lib/gcc/arm-none-eabi/13.2.1/../../../../arm-none-eabi/lib/thumb/v7e-m+fp/hard\libc_nano.a(libc_a-reallocr.o)
                0x08005244                _realloc_r
 .text._malloc_usable_size_r
                0x080052a0       0x10 c:/Users/Chronikle/AppData/Roaming/Code/User/globalStorage/bmd.stm32-for-vscode/@xpack-dev-tools/arm-none-eabi-gcc/13.2.1-1.1.1/.content/bin/../lib/gcc/arm-none-eabi/13.2.1/../../../../arm-none-eabi/lib/thumb/v7e-m+fp/hard\libc_nano.a(libc_a-msizer.o)
                0x080052a0                _malloc_usable_size_r
 .text._sbrk    0x080052b0       0x1c c:/Users/Chronikle/AppData/Roaming/Code/User/globalStorage/bmd.stm32-for-vscode/@xpack-dev-tools/arm-none-eabi-gcc/13.2.1-1.1.1/.content/bin/../lib/gcc/arm-none-eabi/13.2.1/../../../../arm-none-eabi/lib/thumb/v7e-m+fp/hard\libnosys.a(sbrk.o)
                0x080052b0                _sbrk
 .text.__udivmoddi4
                0x080052cc      0x2bc c:/Users/Chronikle/AppData/Roaming/Code/User/globalStorage/bmd.stm32-for-vscode/@xpack-dev-tools/arm-none-eabi-gcc/13.2.1-1.1.1/.content/bin/../lib/gcc/arm-none-eabi/13.2.1/thumb/v7e-m+fp/hard\libgcc.a(_udivmoddi4.o)
                0x080052cc                __udivmoddi4
 *(.glue_7)
 .glue_7        0x08005588        0x0 linker stubs
 *(.glue_7t)
 .glue_7t       0x08005588        0x0 linker stubs
 *(.eh_frame)
 .eh_frame      0x08005588        0x0 c:/Users/Chronikle/AppData/Roaming/Code/User/globalStorage/bmd.stm32-for-vscode/@xpack-dev-tools/arm-none-eabi-gcc/13.2.1-1.1.1/.content/bin/../lib/gcc/arm-none-eabi/13.2.1/thumb/v7e-m+fp/hard/crtbegin.o
 *(.init)
 .init          0x08005588        0x4 c:/Users/Chronikle/AppData/Roaming/Code/User/globalStorage/bmd.stm32-for-vscode/@xpack-dev-tools/arm-none-eabi-gcc/13.2.1-1.1.1/.content/bin/../lib/gcc/arm-none-eabi/13.2.1/thumb/v7e-m+fp/hard/crti.o
                0x08005588                _init
 .init          0x0800558c        0x8 c:/Users/Chronikle/AppData/Roaming/Code/User/globalStorage/bmd.stm32-for-vscode/@xpack-dev-tools/arm-none-eabi-gcc/13.2.1-1.1.1/.content/bin/../lib/gcc/arm-none-eabi/13.2.1/thumb/v7e-m+fp/hard/crtn.o
 *(.fini)
 .fini          0x08005594        0x4 c:/Users/Chronikle/AppData/Roaming/Code/User/globalStorage/bmd.stm32-for-vscode/@xpack-dev-tools/arm-none-eabi-gcc/13.2.1-1.1.1/.content/bin/../lib/gcc/arm-none-eabi/13.2.1/thumb/v7e-m+fp/hard/crti.o
                0x08005594                _fini
 .fini          0x08005598        0x8 c:/Users/Chronikle/AppData/Roaming/Code/User/globalStorage/bmd.stm32-for-vscode/@xpack-dev-tools/arm-none-eabi-gcc/13.2.1-1.1.1/.content/bin/../lib/gcc/arm-none-eabi/13.2.1/thumb/v7e-m+fp/hard/crtn.o
                0x080055a0                        . = ALIGN (0x4)
                0x080055a0                        _etext = .

.vfp11_veneer   0x080055a0        0x0
 .vfp11_veneer  0x080055a0        0x0 linker stubs

.v4_bx          0x080055a0        0x0
 .v4_bx         0x080055a0        0x0 linker stubs

.iplt           0x080055a0        0x0
 .iplt          0x080055a0        0x0 c:/Users/Chronikle/AppData/Roaming/Code/User/globalStorage/bmd.stm32-for-vscode/@xpack-dev-tools/arm-none-eabi-gcc/13.2.1-1.1.1/.content/bin/../lib/gcc/arm-none-eabi/13.2.1/thumb/v7e-m+fp/hard/crtbegin.o

.rodata         0x080055a0       0xdc
                0x080055a0                        . = ALIGN (0x4)
 *(.rodata)
 *(.rodata*)
 .rodata.main.str1.4
                0x080055a0       0x96 build/main.o
                                 0x4d (size before relaxing)
 *fill*         0x08005636        0x2 
 .rodata.AHBPrescTable
                0x08005638       0x10 build/system_stm32f4xx.o
                0x08005638                AHBPrescTable
 .rodata.USBD_FS_ProductStrDescriptor.str1.4
                0x08005648       0x16 build/usbd_desc.o
 .rodata.USBD_FS_ManufacturerStrDescriptor.str1.4
                0x08005648       0x13 build/usbd_desc.o
 .rodata.USBD_FS_ConfigStrDescriptor.str1.4
                0x08005648        0xb build/usbd_desc.o
 .rodata.USBD_FS_InterfaceStrDescriptor.str1.4
                0x08005648        0xe build/usbd_desc.o
 .rodata._svfprintf_r.str1.1
                0x08005648       0x33 c:/Users/Chronikle/AppData/Roaming/Code/User/globalStorage/bmd.stm32-for-vscode/@xpack-dev-tools/arm-none-eabi-gcc/13.2.1-1.1.1/.content/bin/../lib/gcc/arm-none-eabi/13.2.1/../../../../arm-none-eabi/lib/thumb/v7e-m+fp/hard\libc_nano.a(libc_a-nano-svfprintf.o)
                                 0x11 (size before relaxing)
 .rodata._printf_i.str1.1
                0x0800567b       0x22 c:/Users/Chronikle/AppData/Roaming/Code/User/globalStorage/bmd.stm32-for-vscode/@xpack-dev-tools/arm-none-eabi-gcc/13.2.1-1.1.1/.content/bin/../lib/gcc/arm-none-eabi/13.2.1/../../../../arm-none-eabi/lib/thumb/v7e-m+fp/hard\libc_nano.a(libc_a-nano-vfprintf_i.o)
                0x080056a0                        . = ALIGN (0x4)
 *fill*         0x0800567b        0x1 

.ARM.extab
 *(.ARM.extab* .gnu.linkonce.armextab.*)

.ARM            0x0800567c        0x8
                0x0800567c                        __exidx_start = .
 *(.ARM.exidx*)
 .ARM.exidx     0x0800567c        0x8 c:/Users/Chronikle/AppData/Roaming/Code/User/globalStorage/bmd.stm32-for-vscode/@xpack-dev-tools/arm-none-eabi-gcc/13.2.1-1.1.1/.content/bin/../lib/gcc/arm-none-eabi/13.2.1/../../../../arm-none-eabi/lib/thumb/v7e-m+fp/hard\libc_nano.a(libc_a-strlen.o)
 .ARM.exidx     0x08005684        0x0 c:/Users/Chronikle/AppData/Roaming/Code/User/globalStorage/bmd.stm32-for-vscode/@xpack-dev-tools/arm-none-eabi-gcc/13.2.1-1.1.1/.content/bin/../lib/gcc/arm-none-eabi/13.2.1/../../../../arm-none-eabi/lib/thumb/v7e-m+fp/hard\libc_nano.a(libc_a-memchr.o)
                                  0x8 (size before relaxing)
 .ARM.exidx.text.__udivmoddi4
                0x08005684        0x0 c:/Users/Chronikle/AppData/Roaming/Code/User/globalStorage/bmd.stm32-for-vscode/@xpack-dev-tools/arm-none-eabi-gcc/13.2.1-1.1.1/.content/bin/../lib/gcc/arm-none-eabi/13.2.1/thumb/v7e-m+fp/hard\libgcc.a(_udivmoddi4.o)
                                  0x8 (size before relaxing)
                0x08005684                        __exidx_end = .

.rel.dyn        0x08005684        0x0
 .rel.iplt      0x08005684        0x0 c:/Users/Chronikle/AppData/Roaming/Code/User/globalStorage/bmd.stm32-for-vscode/@xpack-dev-tools/arm-none-eabi-gcc/13.2.1-1.1.1/.content/bin/../lib/gcc/arm-none-eabi/13.2.1/thumb/v7e-m+fp/hard/crtbegin.o

.preinit_array  0x08005684        0x0
                0x08005684                        PROVIDE (__preinit_array_start = .)
 *(.preinit_array*)
                0x08005684                        PROVIDE (__preinit_array_end = .)

.init_array     0x08005684        0x4
                0x08005684                        PROVIDE (__init_array_start = .)
 *(SORT_BY_NAME(.init_array.*))
 *(.init_array*)
 .init_array    0x08005684        0x4 c:/Users/Chronikle/AppData/Roaming/Code/User/globalStorage/bmd.stm32-for-vscode/@xpack-dev-tools/arm-none-eabi-gcc/13.2.1-1.1.1/.content/bin/../lib/gcc/arm-none-eabi/13.2.1/thumb/v7e-m+fp/hard/crtbegin.o
                0x08005688                        PROVIDE (__init_array_end = .)

.fini_array     0x08005688        0x4
                0x08005688                        PROVIDE (__fini_array_start = .)
 *(SORT_BY_NAME(.fini_array.*))
 *(.fini_array*)
 .fini_array    0x08005688        0x4 c:/Users/Chronikle/AppData/Roaming/Code/User/globalStorage/bmd.stm32-for-vscode/@xpack-dev-tools/arm-none-eabi-gcc/13.2.1-1.1.1/.content/bin/../lib/gcc/arm-none-eabi/13.2.1/thumb/v7e-m+fp/hard/crtbegin.o
                0x0800568c                        PROVIDE (__fini_array_end = .)
                0x0800568c                        _sidata = LOADADDR (.data)

.data           0x20000000      0x148 load address 0x0800568c
                0x20000000                        . = ALIGN (0x4)
                0x20000000                        _sdata = .
 *(.data)
 *(.data*)
 .data.SystemCoreClock
                0x20000000        0x4 build/system_stm32f4xx.o
                0x20000000                SystemCoreClock
 .data.uwTickFreq
                0x20000004        0x1 build/stm32f4xx_hal.o
                0x20000004                uwTickFreq
 *fill*         0x20000005        0x3 
 .data.uwTickPrio
                0x20000008        0x4 build/stm32f4xx_hal.o
                0x20000008                uwTickPrio
 .data.USBD_CDC_CfgDesc
                0x2000000c       0x43 build/usbd_cdc.o
 *fill*         0x2000004f        0x1 
 .data.USBD_CDC
                0x20000050       0x38 build/usbd_cdc.o
                0x20000050                USBD_CDC
 .data.USBD_CDC_DeviceQualifierDesc
                0x20000088        0xa build/usbd_cdc.o
 *fill*         0x20000092        0x2 
 .data.USBD_Interface_fops_FS
                0x20000094       0x14 build/usbd_cdc_if.o
                0x20000094                USBD_Interface_fops_FS
 .data.USBD_StringSerial
                0x200000a8       0x1a build/usbd_desc.o
                0x200000a8                USBD_StringSerial
 *fill*         0x200000c2        0x2 
 .data.USBD_LangIDDesc
                0x200000c4        0x4 build/usbd_desc.o
                0x200000c4                USBD_LangIDDesc
 .data.USBD_FS_DeviceDesc
                0x200000c8       0x12 build/usbd_desc.o
                0x200000c8                USBD_FS_DeviceDesc
 *fill*         0x200000da        0x2 
 .data.FS_Desc  0x200000dc       0x1c build/usbd_desc.o
                0x200000dc                FS_Desc
 .data._impure_ptr
                0x200000f8        0x4 c:/Users/Chronikle/AppData/Roaming/Code/User/globalStorage/bmd.stm32-for-vscode/@xpack-dev-tools/arm-none-eabi-gcc/13.2.1-1.1.1/.content/bin/../lib/gcc/arm-none-eabi/13.2.1/../../../../arm-none-eabi/lib/thumb/v7e-m+fp/hard\libc_nano.a(libc_a-impure.o)
                0x200000f8                _impure_ptr
 .data._impure_data
                0x200000fc       0x4c c:/Users/Chronikle/AppData/Roaming/Code/User/globalStorage/bmd.stm32-for-vscode/@xpack-dev-tools/arm-none-eabi-gcc/13.2.1-1.1.1/.content/bin/../lib/gcc/arm-none-eabi/13.2.1/../../../../arm-none-eabi/lib/thumb/v7e-m+fp/hard\libc_nano.a(libc_a-impure.o)
                0x200000fc                _impure_data
                0x20000148                        . = ALIGN (0x4)
                0x20000148                        _edata = .
                0x080057d4                        _siccmram = LOADADDR (.ccmram)

.igot.plt       0x20000148        0x0 load address 0x080057d4
 .igot.plt      0x20000148        0x0 c:/Users/Chronikle/AppData/Roaming/Code/User/globalStorage/bmd.stm32-for-vscode/@xpack-dev-tools/arm-none-eabi-gcc/13.2.1-1.1.1/.content/bin/../lib/gcc/arm-none-eabi/13.2.1/thumb/v7e-m+fp/hard/crtbegin.o

.ccmram         0x10000000        0x0 load address 0x080057d4
                0x10000000                        . = ALIGN (0x4)
                0x10000000                        _sccmram = .
 *(.ccmram)
 *(.ccmram*)
                0x10000000                        . = ALIGN (0x4)
                0x10000000                        _eccmram = .
                0x10000000                        . = ALIGN (0x4)

.bss            0x20000148     0x1db0
                0x20000148                        _sbss = .
                0x20000148                        __bss_start__ = _sbss
 *(.bss)
 *(.bss*)
 .bss.completed.1
                0x20000148        0x1 c:/Users/Chronikle/AppData/Roaming/Code/User/globalStorage/bmd.stm32-for-vscode/@xpack-dev-tools/arm-none-eabi-gcc/13.2.1-1.1.1/.content/bin/../lib/gcc/arm-none-eabi/13.2.1/thumb/v7e-m+fp/hard/crtbegin.o
 *fill*         0x20000149        0x3 
 .bss.object.0  0x2000014c       0x18 c:/Users/Chronikle/AppData/Roaming/Code/User/globalStorage/bmd.stm32-for-vscode/@xpack-dev-tools/arm-none-eabi-gcc/13.2.1-1.1.1/.content/bin/../lib/gcc/arm-none-eabi/13.2.1/thumb/v7e-m+fp/hard/crtbegin.o
 .bss.idReg     0x20000164        0x4 build/CANSPI.o
                0x20000164                idReg
 .bss.ctrlStatus
                0x20000168        0x4 build/CANSPI.o
                0x20000168                ctrlStatus
 .bss.hspi1     0x2000016c       0x58 build/main.o
                0x2000016c                hspi1
 .bss.uwTick    0x200001c4        0x4 build/stm32f4xx_hal.o
                0x200001c4                uwTick
 .bss.cfgidx.0  0x200001c8        0x1 build/usbd_ctlreq.o
 *fill*         0x200001c9        0x3 
 .bss.hUsbDeviceFS
                0x200001cc      0x2dc build/usb_device.o
                0x200001cc                hUsbDeviceFS
 .bss.UserTxBufferFS
                0x200004a8      0x800 build/usbd_cdc_if.o
                0x200004a8                UserTxBufferFS
 .bss.UserRxBufferFS
                0x20000ca8      0x800 build/usbd_cdc_if.o
                0x20000ca8                UserRxBufferFS
 .bss.USBD_StrDesc
                0x200014a8      0x200 build/usbd_desc.o
                0x200014a8                USBD_StrDesc
 .bss.mem.0     0x200016a8      0x220 build/usbd_conf.o
 .bss.hpcd_USB_OTG_FS
                0x200018c8      0x4e4 build/usbd_conf.o
                0x200018c8                hpcd_USB_OTG_FS
 .bss.__sf      0x20001dac      0x138 c:/Users/Chronikle/AppData/Roaming/Code/User/globalStorage/bmd.stm32-for-vscode/@xpack-dev-tools/arm-none-eabi-gcc/13.2.1-1.1.1/.content/bin/../lib/gcc/arm-none-eabi/13.2.1/../../../../arm-none-eabi/lib/thumb/v7e-m+fp/hard\libc_nano.a(libc_a-findfp.o)
                0x20001dac                __sf
 .bss.errno     0x20001ee4        0x4 c:/Users/Chronikle/AppData/Roaming/Code/User/globalStorage/bmd.stm32-for-vscode/@xpack-dev-tools/arm-none-eabi-gcc/13.2.1-1.1.1/.content/bin/../lib/gcc/arm-none-eabi/13.2.1/../../../../arm-none-eabi/lib/thumb/v7e-m+fp/hard\libc_nano.a(libc_a-reent.o)
                0x20001ee4                errno
 .bss.__lock___malloc_recursive_mutex
                0x20001ee8        0x1 c:/Users/Chronikle/AppData/Roaming/Code/User/globalStorage/bmd.stm32-for-vscode/@xpack-dev-tools/arm-none-eabi-gcc/13.2.1-1.1.1/.content/bin/../lib/gcc/arm-none-eabi/13.2.1/../../../../arm-none-eabi/lib/thumb/v7e-m+fp/hard\libc_nano.a(libc_a-lock.o)
                0x20001ee8                __lock___malloc_recursive_mutex
 *fill*         0x20001ee9        0x3 
 .bss.__malloc_sbrk_start
                0x20001eec        0x4 c:/Users/Chronikle/AppData/Roaming/Code/User/globalStorage/bmd.stm32-for-vscode/@xpack-dev-tools/arm-none-eabi-gcc/13.2.1-1.1.1/.content/bin/../lib/gcc/arm-none-eabi/13.2.1/../../../../arm-none-eabi/lib/thumb/v7e-m+fp/hard\libc_nano.a(libc_a-mallocr.o)
                0x20001eec                __malloc_sbrk_start
 .bss.__malloc_free_list
                0x20001ef0        0x4 c:/Users/Chronikle/AppData/Roaming/Code/User/globalStorage/bmd.stm32-for-vscode/@xpack-dev-tools/arm-none-eabi-gcc/13.2.1-1.1.1/.content/bin/../lib/gcc/arm-none-eabi/13.2.1/../../../../arm-none-eabi/lib/thumb/v7e-m+fp/hard\libc_nano.a(libc_a-mallocr.o)
                0x20001ef0                __malloc_free_list
 .bss.heap_end.0
                0x20001ef4        0x4 c:/Users/Chronikle/AppData/Roaming/Code/User/globalStorage/bmd.stm32-for-vscode/@xpack-dev-tools/arm-none-eabi-gcc/13.2.1-1.1.1/.content/bin/../lib/gcc/arm-none-eabi/13.2.1/../../../../arm-none-eabi/lib/thumb/v7e-m+fp/hard\libnosys.a(sbrk.o)
 *(COMMON)
                0x20001ef8                        . = ALIGN (0x4)
                0x20001ef8                        _ebss = .
                0x20001ef8                        __bss_end__ = _ebss

._user_heap_stack
                0x20001ef8      0x600
                0x20001ef8                        . = ALIGN (0x8)
                0x20001ef8                        PROVIDE (end = .)
                [!provide]                        PROVIDE (_end = .)
                0x200020f8                        . = (. + _Min_Heap_Size)
 *fill*         0x20001ef8      0x200 
                0x200024f8                        . = (. + _Min_Stack_Size)
 *fill*         0x200020f8      0x400 
                0x200024f8                        . = ALIGN (0x8)

/DISCARD/
 libc.a(*)
 libm.a(*)
 libgcc.a(*)

.ARM.attributes
                0x00000000       0x30
 *(.ARM.attributes)
 .ARM.attributes
                0x00000000       0x22 c:/Users/Chronikle/AppData/Roaming/Code/User/globalStorage/bmd.stm32-for-vscode/@xpack-dev-tools/arm-none-eabi-gcc/13.2.1-1.1.1/.content/bin/../lib/gcc/arm-none-eabi/13.2.1/thumb/v7e-m+fp/hard/crti.o
 .ARM.attributes
                0x00000022       0x34 c:/Users/Chronikle/AppData/Roaming/Code/User/globalStorage/bmd.stm32-for-vscode/@xpack-dev-tools/arm-none-eabi-gcc/13.2.1-1.1.1/.content/bin/../lib/gcc/arm-none-eabi/13.2.1/thumb/v7e-m+fp/hard/crtbegin.o
 .ARM.attributes
                0x00000056       0x34 build/CANSPI.o
 .ARM.attributes
                0x0000008a       0x34 build/MCP2515.o
 .ARM.attributes
                0x000000be       0x34 build/main.o
 .ARM.attributes
                0x000000f2       0x34 build/stm32f4xx_hal_msp.o
 .ARM.attributes
                0x00000126       0x34 build/stm32f4xx_it.o
 .ARM.attributes
                0x0000015a       0x34 build/system_stm32f4xx.o
 .ARM.attributes
                0x0000018e       0x34 build/stm32f4xx_hal.o
 .ARM.attributes
                0x000001c2       0x34 build/stm32f4xx_hal_cortex.o
 .ARM.attributes
                0x000001f6       0x34 build/stm32f4xx_hal_gpio.o
 .ARM.attributes
                0x0000022a       0x34 build/stm32f4xx_hal_pcd.o
 .ARM.attributes
                0x0000025e       0x34 build/stm32f4xx_hal_pcd_ex.o
 .ARM.attributes
                0x00000292       0x34 build/stm32f4xx_hal_rcc.o
 .ARM.attributes
                0x000002c6       0x34 build/stm32f4xx_hal_spi.o
 .ARM.attributes
                0x000002fa       0x34 build/stm32f4xx_ll_usb.o
 .ARM.attributes
                0x0000032e       0x34 build/usbd_cdc.o
 .ARM.attributes
                0x00000362       0x34 build/usbd_core.o
 .ARM.attributes
                0x00000396       0x34 build/usbd_ctlreq.o
 .ARM.attributes
                0x000003ca       0x34 build/usbd_ioreq.o
 .ARM.attributes
                0x000003fe       0x34 build/usb_device.o
 .ARM.attributes
                0x00000432       0x34 build/usbd_cdc_if.o
 .ARM.attributes
                0x00000466       0x34 build/usbd_desc.o
 .ARM.attributes
                0x0000049a       0x34 build/usbd_conf.o
 .ARM.attributes
                0x000004ce       0x21 build/startup_stm32f407xx.o
 .ARM.attributes
                0x000004ef       0x34 c:/Users/Chronikle/AppData/Roaming/Code/User/globalStorage/bmd.stm32-for-vscode/@xpack-dev-tools/arm-none-eabi-gcc/13.2.1-1.1.1/.content/bin/../lib/gcc/arm-none-eabi/13.2.1/../../../../arm-none-eabi/lib/thumb/v7e-m+fp/hard\libc_nano.a(libc_a-findfp.o)
 .ARM.attributes
                0x00000523       0x34 c:/Users/Chronikle/AppData/Roaming/Code/User/globalStorage/bmd.stm32-for-vscode/@xpack-dev-tools/arm-none-eabi-gcc/13.2.1-1.1.1/.content/bin/../lib/gcc/arm-none-eabi/13.2.1/../../../../arm-none-eabi/lib/thumb/v7e-m+fp/hard\libc_nano.a(libc_a-sprintf.o)
 .ARM.attributes
                0x00000557       0x34 c:/Users/Chronikle/AppData/Roaming/Code/User/globalStorage/bmd.stm32-for-vscode/@xpack-dev-tools/arm-none-eabi-gcc/13.2.1-1.1.1/.content/bin/../lib/gcc/arm-none-eabi/13.2.1/../../../../arm-none-eabi/lib/thumb/v7e-m+fp/hard\libc_nano.a(libc_a-memset.o)
 .ARM.attributes
                0x0000058b       0x34 c:/Users/Chronikle/AppData/Roaming/Code/User/globalStorage/bmd.stm32-for-vscode/@xpack-dev-tools/arm-none-eabi-gcc/13.2.1-1.1.1/.content/bin/../lib/gcc/arm-none-eabi/13.2.1/../../../../arm-none-eabi/lib/thumb/v7e-m+fp/hard\libc_nano.a(libc_a-reent.o)
 .ARM.attributes
                0x000005bf       0x34 c:/Users/Chronikle/AppData/Roaming/Code/User/globalStorage/bmd.stm32-for-vscode/@xpack-dev-tools/arm-none-eabi-gcc/13.2.1-1.1.1/.content/bin/../lib/gcc/arm-none-eabi/13.2.1/../../../../arm-none-eabi/lib/thumb/v7e-m+fp/hard\libc_nano.a(libc_a-impure.o)
 .ARM.attributes
                0x000005f3       0x34 c:/Users/Chronikle/AppData/Roaming/Code/User/globalStorage/bmd.stm32-for-vscode/@xpack-dev-tools/arm-none-eabi-gcc/13.2.1-1.1.1/.content/bin/../lib/gcc/arm-none-eabi/13.2.1/../../../../arm-none-eabi/lib/thumb/v7e-m+fp/hard\libc_nano.a(libc_a-init.o)
 .ARM.attributes
                0x00000627       0x34 c:/Users/Chronikle/AppData/Roaming/Code/User/globalStorage/bmd.stm32-for-vscode/@xpack-dev-tools/arm-none-eabi-gcc/13.2.1-1.1.1/.content/bin/../lib/gcc/arm-none-eabi/13.2.1/../../../../arm-none-eabi/lib/thumb/v7e-m+fp/hard\libc_nano.a(libc_a-lock.o)
 .ARM.attributes
                0x0000065b       0x17 c:/Users/Chronikle/AppData/Roaming/Code/User/globalStorage/bmd.stm32-for-vscode/@xpack-dev-tools/arm-none-eabi-gcc/13.2.1-1.1.1/.content/bin/../lib/gcc/arm-none-eabi/13.2.1/../../../../arm-none-eabi/lib/thumb/v7e-m+fp/hard\libc_nano.a(libc_a-strlen.o)
 .ARM.attributes
                0x00000672       0x34 c:/Users/Chronikle/AppData/Roaming/Code/User/globalStorage/bmd.stm32-for-vscode/@xpack-dev-tools/arm-none-eabi-gcc/13.2.1-1.1.1/.content/bin/../lib/gcc/arm-none-eabi/13.2.1/../../../../arm-none-eabi/lib/thumb/v7e-m+fp/hard\libc_nano.a(libc_a-freer.o)
 .ARM.attributes
                0x000006a6       0x34 c:/Users/Chronikle/AppData/Roaming/Code/User/globalStorage/bmd.stm32-for-vscode/@xpack-dev-tools/arm-none-eabi-gcc/13.2.1-1.1.1/.content/bin/../lib/gcc/arm-none-eabi/13.2.1/../../../../arm-none-eabi/lib/thumb/v7e-m+fp/hard\libc_nano.a(libc_a-mallocr.o)
 .ARM.attributes
                0x000006da       0x34 c:/Users/Chronikle/AppData/Roaming/Code/User/globalStorage/bmd.stm32-for-vscode/@xpack-dev-tools/arm-none-eabi-gcc/13.2.1-1.1.1/.content/bin/../lib/gcc/arm-none-eabi/13.2.1/../../../../arm-none-eabi/lib/thumb/v7e-m+fp/hard\libc_nano.a(libc_a-mlock.o)
 .ARM.attributes
                0x0000070e       0x34 c:/Users/Chronikle/AppData/Roaming/Code/User/globalStorage/bmd.stm32-for-vscode/@xpack-dev-tools/arm-none-eabi-gcc/13.2.1-1.1.1/.content/bin/../lib/gcc/arm-none-eabi/13.2.1/../../../../arm-none-eabi/lib/thumb/v7e-m+fp/hard\libc_nano.a(libc_a-nano-svfprintf.o)
 .ARM.attributes
                0x00000742       0x34 c:/Users/Chronikle/AppData/Roaming/Code/User/globalStorage/bmd.stm32-for-vscode/@xpack-dev-tools/arm-none-eabi-gcc/13.2.1-1.1.1/.content/bin/../lib/gcc/arm-none-eabi/13.2.1/../../../../arm-none-eabi/lib/thumb/v7e-m+fp/hard\libc_nano.a(libc_a-nano-vfprintf_i.o)
 .ARM.attributes
                0x00000776       0x34 c:/Users/Chronikle/AppData/Roaming/Code/User/globalStorage/bmd.stm32-for-vscode/@xpack-dev-tools/arm-none-eabi-gcc/13.2.1-1.1.1/.content/bin/../lib/gcc/arm-none-eabi/13.2.1/../../../../arm-none-eabi/lib/thumb/v7e-m+fp/hard\libc_nano.a(libc_a-memmove.o)
 .ARM.attributes
                0x000007aa       0x34 c:/Users/Chronikle/AppData/Roaming/Code/User/globalStorage/bmd.stm32-for-vscode/@xpack-dev-tools/arm-none-eabi-gcc/13.2.1-1.1.1/.content/bin/../lib/gcc/arm-none-eabi/13.2.1/../../../../arm-none-eabi/lib/thumb/v7e-m+fp/hard\libc_nano.a(libc_a-sbrkr.o)
 .ARM.attributes
                0x000007de       0x1c c:/Users/Chronikle/AppData/Roaming/Code/User/globalStorage/bmd.stm32-for-vscode/@xpack-dev-tools/arm-none-eabi-gcc/13.2.1-1.1.1/.content/bin/../lib/gcc/arm-none-eabi/13.2.1/../../../../arm-none-eabi/lib/thumb/v7e-m+fp/hard\libc_nano.a(libc_a-memchr.o)
 .ARM.attributes
                0x000007fa       0x34 c:/Users/Chronikle/AppData/Roaming/Code/User/globalStorage/bmd.stm32-for-vscode/@xpack-dev-tools/arm-none-eabi-gcc/13.2.1-1.1.1/.content/bin/../lib/gcc/arm-none-eabi/13.2.1/../../../../arm-none-eabi/lib/thumb/v7e-m+fp/hard\libc_nano.a(libc_a-memcpy-stub.o)
 .ARM.attributes
                0x0000082e       0x34 c:/Users/Chronikle/AppData/Roaming/Code/User/globalStorage/bmd.stm32-for-vscode/@xpack-dev-tools/arm-none-eabi-gcc/13.2.1-1.1.1/.content/bin/../lib/gcc/arm-none-eabi/13.2.1/../../../../arm-none-eabi/lib/thumb/v7e-m+fp/hard\libc_nano.a(libc_a-reallocr.o)
 .ARM.attributes
                0x00000862       0x34 c:/Users/Chronikle/AppData/Roaming/Code/User/globalStorage/bmd.stm32-for-vscode/@xpack-dev-tools/arm-none-eabi-gcc/13.2.1-1.1.1/.content/bin/../lib/gcc/arm-none-eabi/13.2.1/../../../../arm-none-eabi/lib/thumb/v7e-m+fp/hard\libc_nano.a(libc_a-msizer.o)
 .ARM.attributes
                0x00000896       0x34 c:/Users/Chronikle/AppData/Roaming/Code/User/globalStorage/bmd.stm32-for-vscode/@xpack-dev-tools/arm-none-eabi-gcc/13.2.1-1.1.1/.content/bin/../lib/gcc/arm-none-eabi/13.2.1/../../../../arm-none-eabi/lib/thumb/v7e-m+fp/hard\libnosys.a(sbrk.o)
 .ARM.attributes
                0x000008ca       0x22 c:/Users/Chronikle/AppData/Roaming/Code/User/globalStorage/bmd.stm32-for-vscode/@xpack-dev-tools/arm-none-eabi-gcc/13.2.1-1.1.1/.content/bin/../lib/gcc/arm-none-eabi/13.2.1/thumb/v7e-m+fp/hard\libgcc.a(_aeabi_uldivmod.o)
 .ARM.attributes
                0x000008ec       0x34 c:/Users/Chronikle/AppData/Roaming/Code/User/globalStorage/bmd.stm32-for-vscode/@xpack-dev-tools/arm-none-eabi-gcc/13.2.1-1.1.1/.content/bin/../lib/gcc/arm-none-eabi/13.2.1/thumb/v7e-m+fp/hard\libgcc.a(_udivmoddi4.o)
 .ARM.attributes
                0x00000920       0x22 c:/Users/Chronikle/AppData/Roaming/Code/User/globalStorage/bmd.stm32-for-vscode/@xpack-dev-tools/arm-none-eabi-gcc/13.2.1-1.1.1/.content/bin/../lib/gcc/arm-none-eabi/13.2.1/thumb/v7e-m+fp/hard\libgcc.a(_dvmd_tls.o)
 .ARM.attributes
                0x00000942       0x22 c:/Users/Chronikle/AppData/Roaming/Code/User/globalStorage/bmd.stm32-for-vscode/@xpack-dev-tools/arm-none-eabi-gcc/13.2.1-1.1.1/.content/bin/../lib/gcc/arm-none-eabi/13.2.1/thumb/v7e-m+fp/hard/crtn.o
OUTPUT(build/SPI_Master_Test.elf elf32-littlearm)
LOAD linker stubs
LOAD c:/Users/Chronikle/AppData/Roaming/Code/User/globalStorage/bmd.stm32-for-vscode/@xpack-dev-tools/arm-none-eabi-gcc/13.2.1-1.1.1/.content/bin/../lib/gcc/arm-none-eabi/13.2.1/../../../../arm-none-eabi/lib/thumb/v7e-m+fp/hard\libc.a
LOAD c:/Users/Chronikle/AppData/Roaming/Code/User/globalStorage/bmd.stm32-for-vscode/@xpack-dev-tools/arm-none-eabi-gcc/13.2.1-1.1.1/.content/bin/../lib/gcc/arm-none-eabi/13.2.1/../../../../arm-none-eabi/lib/thumb/v7e-m+fp/hard\libm.a
LOAD c:/Users/Chronikle/AppData/Roaming/Code/User/globalStorage/bmd.stm32-for-vscode/@xpack-dev-tools/arm-none-eabi-gcc/13.2.1-1.1.1/.content/bin/../lib/gcc/arm-none-eabi/13.2.1/thumb/v7e-m+fp/hard\libgcc.a

.comment        0x00000000       0x39
 .comment       0x00000000       0x39 c:/Users/Chronikle/AppData/Roaming/Code/User/globalStorage/bmd.stm32-for-vscode/@xpack-dev-tools/arm-none-eabi-gcc/13.2.1-1.1.1/.content/bin/../lib/gcc/arm-none-eabi/13.2.1/thumb/v7e-m+fp/hard/crtbegin.o
                                 0x3a (size before relaxing)
 .comment       0x00000039       0x3a build/CANSPI.o
 .comment       0x00000039       0x3a build/MCP2515.o
 .comment       0x00000039       0x3a build/main.o
 .comment       0x00000039       0x3a build/stm32f4xx_hal_msp.o
 .comment       0x00000039       0x3a build/stm32f4xx_it.o
 .comment       0x00000039       0x3a build/system_stm32f4xx.o
 .comment       0x00000039       0x3a build/stm32f4xx_hal.o
 .comment       0x00000039       0x3a build/stm32f4xx_hal_cortex.o
 .comment       0x00000039       0x3a build/stm32f4xx_hal_gpio.o
 .comment       0x00000039       0x3a build/stm32f4xx_hal_pcd.o
 .comment       0x00000039       0x3a build/stm32f4xx_hal_pcd_ex.o
 .comment       0x00000039       0x3a build/stm32f4xx_hal_rcc.o
 .comment       0x00000039       0x3a build/stm32f4xx_hal_spi.o
 .comment       0x00000039       0x3a build/stm32f4xx_ll_usb.o
 .comment       0x00000039       0x3a build/usbd_cdc.o
 .comment       0x00000039       0x3a build/usbd_core.o
 .comment       0x00000039       0x3a build/usbd_ctlreq.o
 .comment       0x00000039       0x3a build/usbd_ioreq.o
 .comment       0x00000039       0x3a build/usb_device.o
 .comment       0x00000039       0x3a build/usbd_cdc_if.o
 .comment       0x00000039       0x3a build/usbd_desc.o
 .comment       0x00000039       0x3a build/usbd_conf.o
 .comment       0x00000039       0x3a c:/Users/Chronikle/AppData/Roaming/Code/User/globalStorage/bmd.stm32-for-vscode/@xpack-dev-tools/arm-none-eabi-gcc/13.2.1-1.1.1/.content/bin/../lib/gcc/arm-none-eabi/13.2.1/../../../../arm-none-eabi/lib/thumb/v7e-m+fp/hard\libc_nano.a(libc_a-findfp.o)
 .comment       0x00000039       0x3a c:/Users/Chronikle/AppData/Roaming/Code/User/globalStorage/bmd.stm32-for-vscode/@xpack-dev-tools/arm-none-eabi-gcc/13.2.1-1.1.1/.content/bin/../lib/gcc/arm-none-eabi/13.2.1/../../../../arm-none-eabi/lib/thumb/v7e-m+fp/hard\libc_nano.a(libc_a-sprintf.o)
 .comment       0x00000039       0x3a c:/Users/Chronikle/AppData/Roaming/Code/User/globalStorage/bmd.stm32-for-vscode/@xpack-dev-tools/arm-none-eabi-gcc/13.2.1-1.1.1/.content/bin/../lib/gcc/arm-none-eabi/13.2.1/../../../../arm-none-eabi/lib/thumb/v7e-m+fp/hard\libc_nano.a(libc_a-memset.o)
 .comment       0x00000039       0x3a c:/Users/Chronikle/AppData/Roaming/Code/User/globalStorage/bmd.stm32-for-vscode/@xpack-dev-tools/arm-none-eabi-gcc/13.2.1-1.1.1/.content/bin/../lib/gcc/arm-none-eabi/13.2.1/../../../../arm-none-eabi/lib/thumb/v7e-m+fp/hard\libc_nano.a(libc_a-reent.o)
 .comment       0x00000039       0x3a c:/Users/Chronikle/AppData/Roaming/Code/User/globalStorage/bmd.stm32-for-vscode/@xpack-dev-tools/arm-none-eabi-gcc/13.2.1-1.1.1/.content/bin/../lib/gcc/arm-none-eabi/13.2.1/../../../../arm-none-eabi/lib/thumb/v7e-m+fp/hard\libc_nano.a(libc_a-impure.o)
 .comment       0x00000039       0x3a c:/Users/Chronikle/AppData/Roaming/Code/User/globalStorage/bmd.stm32-for-vscode/@xpack-dev-tools/arm-none-eabi-gcc/13.2.1-1.1.1/.content/bin/../lib/gcc/arm-none-eabi/13.2.1/../../../../arm-none-eabi/lib/thumb/v7e-m+fp/hard\libc_nano.a(libc_a-init.o)
 .comment       0x00000039       0x3a c:/Users/Chronikle/AppData/Roaming/Code/User/globalStorage/bmd.stm32-for-vscode/@xpack-dev-tools/arm-none-eabi-gcc/13.2.1-1.1.1/.content/bin/../lib/gcc/arm-none-eabi/13.2.1/../../../../arm-none-eabi/lib/thumb/v7e-m+fp/hard\libc_nano.a(libc_a-lock.o)
 .comment       0x00000039       0x3a c:/Users/Chronikle/AppData/Roaming/Code/User/globalStorage/bmd.stm32-for-vscode/@xpack-dev-tools/arm-none-eabi-gcc/13.2.1-1.1.1/.content/bin/../lib/gcc/arm-none-eabi/13.2.1/../../../../arm-none-eabi/lib/thumb/v7e-m+fp/hard\libc_nano.a(libc_a-freer.o)
 .comment       0x00000039       0x3a c:/Users/Chronikle/AppData/Roaming/Code/User/globalStorage/bmd.stm32-for-vscode/@xpack-dev-tools/arm-none-eabi-gcc/13.2.1-1.1.1/.content/bin/../lib/gcc/arm-none-eabi/13.2.1/../../../../arm-none-eabi/lib/thumb/v7e-m+fp/hard\libc_nano.a(libc_a-mallocr.o)
 .comment       0x00000039       0x3a c:/Users/Chronikle/AppData/Roaming/Code/User/globalStorage/bmd.stm32-for-vscode/@xpack-dev-tools/arm-none-eabi-gcc/13.2.1-1.1.1/.content/bin/../lib/gcc/arm-none-eabi/13.2.1/../../../../arm-none-eabi/lib/thumb/v7e-m+fp/hard\libc_nano.a(libc_a-mlock.o)
 .comment       0x00000039       0x3a c:/Users/Chronikle/AppData/Roaming/Code/User/globalStorage/bmd.stm32-for-vscode/@xpack-dev-tools/arm-none-eabi-gcc/13.2.1-1.1.1/.content/bin/../lib/gcc/arm-none-eabi/13.2.1/../../../../arm-none-eabi/lib/thumb/v7e-m+fp/hard\libc_nano.a(libc_a-nano-svfprintf.o)
 .comment       0x00000039       0x3a c:/Users/Chronikle/AppData/Roaming/Code/User/globalStorage/bmd.stm32-for-vscode/@xpack-dev-tools/arm-none-eabi-gcc/13.2.1-1.1.1/.content/bin/../lib/gcc/arm-none-eabi/13.2.1/../../../../arm-none-eabi/lib/thumb/v7e-m+fp/hard\libc_nano.a(libc_a-nano-vfprintf_i.o)
 .comment       0x00000039       0x3a c:/Users/Chronikle/AppData/Roaming/Code/User/globalStorage/bmd.stm32-for-vscode/@xpack-dev-tools/arm-none-eabi-gcc/13.2.1-1.1.1/.content/bin/../lib/gcc/arm-none-eabi/13.2.1/../../../../arm-none-eabi/lib/thumb/v7e-m+fp/hard\libc_nano.a(libc_a-memmove.o)
 .comment       0x00000039       0x3a c:/Users/Chronikle/AppData/Roaming/Code/User/globalStorage/bmd.stm32-for-vscode/@xpack-dev-tools/arm-none-eabi-gcc/13.2.1-1.1.1/.content/bin/../lib/gcc/arm-none-eabi/13.2.1/../../../../arm-none-eabi/lib/thumb/v7e-m+fp/hard\libc_nano.a(libc_a-sbrkr.o)
 .comment       0x00000039       0x3a c:/Users/Chronikle/AppData/Roaming/Code/User/globalStorage/bmd.stm32-for-vscode/@xpack-dev-tools/arm-none-eabi-gcc/13.2.1-1.1.1/.content/bin/../lib/gcc/arm-none-eabi/13.2.1/../../../../arm-none-eabi/lib/thumb/v7e-m+fp/hard\libc_nano.a(libc_a-memcpy-stub.o)
 .comment       0x00000039       0x3a c:/Users/Chronikle/AppData/Roaming/Code/User/globalStorage/bmd.stm32-for-vscode/@xpack-dev-tools/arm-none-eabi-gcc/13.2.1-1.1.1/.content/bin/../lib/gcc/arm-none-eabi/13.2.1/../../../../arm-none-eabi/lib/thumb/v7e-m+fp/hard\libc_nano.a(libc_a-reallocr.o)
 .comment       0x00000039       0x3a c:/Users/Chronikle/AppData/Roaming/Code/User/globalStorage/bmd.stm32-for-vscode/@xpack-dev-tools/arm-none-eabi-gcc/13.2.1-1.1.1/.content/bin/../lib/gcc/arm-none-eabi/13.2.1/../../../../arm-none-eabi/lib/thumb/v7e-m+fp/hard\libc_nano.a(libc_a-msizer.o)
 .comment       0x00000039       0x3a c:/Users/Chronikle/AppData/Roaming/Code/User/globalStorage/bmd.stm32-for-vscode/@xpack-dev-tools/arm-none-eabi-gcc/13.2.1-1.1.1/.content/bin/../lib/gcc/arm-none-eabi/13.2.1/../../../../arm-none-eabi/lib/thumb/v7e-m+fp/hard\libnosys.a(sbrk.o)
 .comment       0x00000039       0x3a c:/Users/Chronikle/AppData/Roaming/Code/User/globalStorage/bmd.stm32-for-vscode/@xpack-dev-tools/arm-none-eabi-gcc/13.2.1-1.1.1/.content/bin/../lib/gcc/arm-none-eabi/13.2.1/thumb/v7e-m+fp/hard\libgcc.a(_udivmoddi4.o)

.debug_info     0x00000000    0x15446
 .debug_info    0x00000000      0xe5d build/CANSPI.o
 .debug_info    0x00000e5d     0x10cd build/MCP2515.o
 .debug_info    0x00001f2a      0xf0a build/main.o
 .debug_info    0x00002e34      0x971 build/stm32f4xx_hal_msp.o
 .debug_info    0x000037a5      0x63f build/stm32f4xx_it.o
 .debug_info    0x00003de4      0x527 build/system_stm32f4xx.o
 .debug_info    0x0000430b      0x9e2 build/stm32f4xx_hal.o
 .debug_info    0x00004ced      0xfc2 build/stm32f4xx_hal_cortex.o
 .debug_info    0x00005caf      0x704 build/stm32f4xx_hal_gpio.o
 .debug_info    0x000063b3     0x1c14 build/stm32f4xx_hal_pcd.o
 .debug_info    0x00007fc7      0x6f9 build/stm32f4xx_hal_pcd_ex.o
 .debug_info    0x000086c0      0xa6f build/stm32f4xx_hal_rcc.o
 .debug_info    0x0000912f     0x1dc3 build/stm32f4xx_hal_spi.o
 .debug_info    0x0000aef2     0x1e82 build/stm32f4xx_ll_usb.o
 .debug_info    0x0000cd74     0x1773 build/usbd_cdc.o
 .debug_info    0x0000e4e7     0x124c build/usbd_core.o
 .debug_info    0x0000f733     0x1422 build/usbd_ctlreq.o
 .debug_info    0x00010b55      0x8e9 build/usbd_ioreq.o
 .debug_info    0x0001143e      0x783 build/usb_device.o
 .debug_info    0x00011bc1      0x9b4 build/usbd_cdc_if.o
 .debug_info    0x00012575      0x5dd build/usbd_desc.o
 .debug_info    0x00012b52     0x2161 build/usbd_conf.o
 .debug_info    0x00014cb3       0x30 build/startup_stm32f407xx.o
 .debug_info    0x00014ce3       0x24 c:/Users/Chronikle/AppData/Roaming/Code/User/globalStorage/bmd.stm32-for-vscode/@xpack-dev-tools/arm-none-eabi-gcc/13.2.1-1.1.1/.content/bin/../lib/gcc/arm-none-eabi/13.2.1/thumb/v7e-m+fp/hard\libgcc.a(_aeabi_uldivmod.o)
 .debug_info    0x00014d07      0x703 c:/Users/Chronikle/AppData/Roaming/Code/User/globalStorage/bmd.stm32-for-vscode/@xpack-dev-tools/arm-none-eabi-gcc/13.2.1-1.1.1/.content/bin/../lib/gcc/arm-none-eabi/13.2.1/thumb/v7e-m+fp/hard\libgcc.a(_udivmoddi4.o)
 .debug_info    0x0001540a       0x3c c:/Users/Chronikle/AppData/Roaming/Code/User/globalStorage/bmd.stm32-for-vscode/@xpack-dev-tools/arm-none-eabi-gcc/13.2.1-1.1.1/.content/bin/../lib/gcc/arm-none-eabi/13.2.1/thumb/v7e-m+fp/hard\libgcc.a(_dvmd_tls.o)

.debug_abbrev   0x00000000     0x37e4
 .debug_abbrev  0x00000000      0x25b build/CANSPI.o
 .debug_abbrev  0x0000025b      0x28e build/MCP2515.o
 .debug_abbrev  0x000004e9      0x2b0 build/main.o
 .debug_abbrev  0x00000799      0x1c6 build/stm32f4xx_hal_msp.o
 .debug_abbrev  0x0000095f      0x1ad build/stm32f4xx_it.o
 .debug_abbrev  0x00000b0c      0x11e build/system_stm32f4xx.o
 .debug_abbrev  0x00000c2a      0x240 build/stm32f4xx_hal.o
 .debug_abbrev  0x00000e6a      0x39c build/stm32f4xx_hal_cortex.o
 .debug_abbrev  0x00001206      0x202 build/stm32f4xx_hal_gpio.o
 .debug_abbrev  0x00001408      0x2db build/stm32f4xx_hal_pcd.o
 .debug_abbrev  0x000016e3      0x1f3 build/stm32f4xx_hal_pcd_ex.o
 .debug_abbrev  0x000018d6      0x2c6 build/stm32f4xx_hal_rcc.o
 .debug_abbrev  0x00001b9c      0x28b build/stm32f4xx_hal_spi.o
 .debug_abbrev  0x00001e27      0x329 build/stm32f4xx_ll_usb.o
 .debug_abbrev  0x00002150      0x33d build/usbd_cdc.o
 .debug_abbrev  0x0000248d      0x2f8 build/usbd_core.o
 .debug_abbrev  0x00002785      0x343 build/usbd_ctlreq.o
 .debug_abbrev  0x00002ac8      0x1b0 build/usbd_ioreq.o
 .debug_abbrev  0x00002c78      0x1b0 build/usb_device.o
 .debug_abbrev  0x00002e28      0x2ca build/usbd_cdc_if.o
 .debug_abbrev  0x000030f2      0x1ec build/usbd_desc.o
 .debug_abbrev  0x000032de      0x33e build/usbd_conf.o
 .debug_abbrev  0x0000361c       0x24 build/startup_stm32f407xx.o
 .debug_abbrev  0x00003640       0x14 c:/Users/Chronikle/AppData/Roaming/Code/User/globalStorage/bmd.stm32-for-vscode/@xpack-dev-tools/arm-none-eabi-gcc/13.2.1-1.1.1/.content/bin/../lib/gcc/arm-none-eabi/13.2.1/thumb/v7e-m+fp/hard\libgcc.a(_aeabi_uldivmod.o)
 .debug_abbrev  0x00003654      0x16a c:/Users/Chronikle/AppData/Roaming/Code/User/globalStorage/bmd.stm32-for-vscode/@xpack-dev-tools/arm-none-eabi-gcc/13.2.1-1.1.1/.content/bin/../lib/gcc/arm-none-eabi/13.2.1/thumb/v7e-m+fp/hard\libgcc.a(_udivmoddi4.o)
 .debug_abbrev  0x000037be       0x26 c:/Users/Chronikle/AppData/Roaming/Code/User/globalStorage/bmd.stm32-for-vscode/@xpack-dev-tools/arm-none-eabi-gcc/13.2.1-1.1.1/.content/bin/../lib/gcc/arm-none-eabi/13.2.1/thumb/v7e-m+fp/hard\libgcc.a(_dvmd_tls.o)

.debug_loclists
                0x00000000     0x8fb3
 .debug_loclists
                0x00000000      0x33d build/CANSPI.o
 .debug_loclists
                0x0000033d      0x40a build/MCP2515.o
 .debug_loclists
                0x00000747       0x74 build/stm32f4xx_hal_msp.o
 .debug_loclists
                0x000007bb       0xfa build/system_stm32f4xx.o
 .debug_loclists
                0x000008b5       0xe1 build/stm32f4xx_hal.o
 .debug_loclists
                0x00000996      0x54d build/stm32f4xx_hal_cortex.o
 .debug_loclists
                0x00000ee3      0x386 build/stm32f4xx_hal_gpio.o
 .debug_loclists
                0x00001269      0xdb0 build/stm32f4xx_hal_pcd.o
 .debug_loclists
                0x00002019       0xb3 build/stm32f4xx_hal_pcd_ex.o
 .debug_loclists
                0x000020cc      0x3e5 build/stm32f4xx_hal_rcc.o
 .debug_loclists
                0x000024b1     0x17c3 build/stm32f4xx_hal_spi.o
 .debug_loclists
                0x00003c74     0x1901 build/stm32f4xx_ll_usb.o
 .debug_loclists
                0x00005575      0x755 build/usbd_cdc.o
 .debug_loclists
                0x00005cca      0x996 build/usbd_core.o
 .debug_loclists
                0x00006660     0x10c1 build/usbd_ctlreq.o
 .debug_loclists
                0x00007721      0x214 build/usbd_ioreq.o
 .debug_loclists
                0x00007935      0x10a build/usbd_cdc_if.o
 .debug_loclists
                0x00007a3f      0x299 build/usbd_desc.o
 .debug_loclists
                0x00007cd8      0x8c6 build/usbd_conf.o
 .debug_loclists
                0x0000859e      0xa15 c:/Users/Chronikle/AppData/Roaming/Code/User/globalStorage/bmd.stm32-for-vscode/@xpack-dev-tools/arm-none-eabi-gcc/13.2.1-1.1.1/.content/bin/../lib/gcc/arm-none-eabi/13.2.1/thumb/v7e-m+fp/hard\libgcc.a(_udivmoddi4.o)

.debug_aranges  0x00000000      0xe68
 .debug_aranges
                0x00000000       0x70 build/CANSPI.o
 .debug_aranges
                0x00000070       0xb0 build/MCP2515.o
 .debug_aranges
                0x00000120       0x40 build/main.o
 .debug_aranges
                0x00000160       0x30 build/stm32f4xx_hal_msp.o
 .debug_aranges
                0x00000190       0x68 build/stm32f4xx_it.o
 .debug_aranges
                0x000001f8       0x28 build/system_stm32f4xx.o
 .debug_aranges
                0x00000220       0xf0 build/stm32f4xx_hal.o
 .debug_aranges
                0x00000310       0xe8 build/stm32f4xx_hal_cortex.o
 .debug_aranges
                0x000003f8       0x58 build/stm32f4xx_hal_gpio.o
 .debug_aranges
                0x00000450      0x148 build/stm32f4xx_hal_pcd.o
 .debug_aranges
                0x00000598       0x38 build/stm32f4xx_hal_pcd_ex.o
 .debug_aranges
                0x000005d0       0x88 build/stm32f4xx_hal_rcc.o
 .debug_aranges
                0x00000658      0x1d0 build/stm32f4xx_hal_spi.o
 .debug_aranges
                0x00000828      0x1a0 build/stm32f4xx_ll_usb.o
 .debug_aranges
                0x000009c8       0x90 build/usbd_cdc.o
 .debug_aranges
                0x00000a58       0xd8 build/usbd_core.o
 .debug_aranges
                0x00000b30       0x88 build/usbd_ctlreq.o
 .debug_aranges
                0x00000bb8       0x50 build/usbd_ioreq.o
 .debug_aranges
                0x00000c08       0x20 build/usb_device.o
 .debug_aranges
                0x00000c28       0x48 build/usbd_cdc_if.o
 .debug_aranges
                0x00000c70       0x60 build/usbd_desc.o
 .debug_aranges
                0x00000cd0      0x110 build/usbd_conf.o
 .debug_aranges
                0x00000de0       0x28 build/startup_stm32f407xx.o
 .debug_aranges
                0x00000e08       0x20 c:/Users/Chronikle/AppData/Roaming/Code/User/globalStorage/bmd.stm32-for-vscode/@xpack-dev-tools/arm-none-eabi-gcc/13.2.1-1.1.1/.content/bin/../lib/gcc/arm-none-eabi/13.2.1/thumb/v7e-m+fp/hard\libgcc.a(_aeabi_uldivmod.o)
 .debug_aranges
                0x00000e28       0x20 c:/Users/Chronikle/AppData/Roaming/Code/User/globalStorage/bmd.stm32-for-vscode/@xpack-dev-tools/arm-none-eabi-gcc/13.2.1-1.1.1/.content/bin/../lib/gcc/arm-none-eabi/13.2.1/thumb/v7e-m+fp/hard\libgcc.a(_udivmoddi4.o)
 .debug_aranges
                0x00000e48       0x20 c:/Users/Chronikle/AppData/Roaming/Code/User/globalStorage/bmd.stm32-for-vscode/@xpack-dev-tools/arm-none-eabi-gcc/13.2.1-1.1.1/.content/bin/../lib/gcc/arm-none-eabi/13.2.1/thumb/v7e-m+fp/hard\libgcc.a(_dvmd_tls.o)

.debug_rnglists
                0x00000000      0xaf8
 .debug_rnglists
                0x00000000       0x52 build/CANSPI.o
 .debug_rnglists
                0x00000052       0x7f build/MCP2515.o
 .debug_rnglists
                0x000000d1       0x2d build/main.o
 .debug_rnglists
                0x000000fe       0x1f build/stm32f4xx_hal_msp.o
 .debug_rnglists
                0x0000011d       0x49 build/stm32f4xx_it.o
 .debug_rnglists
                0x00000166       0x1a build/system_stm32f4xx.o
 .debug_rnglists
                0x00000180       0xaf build/stm32f4xx_hal.o
 .debug_rnglists
                0x0000022f       0xa9 build/stm32f4xx_hal_cortex.o
 .debug_rnglists
                0x000002d8       0x3f build/stm32f4xx_hal_gpio.o
 .debug_rnglists
                0x00000317       0xf7 build/stm32f4xx_hal_pcd.o
 .debug_rnglists
                0x0000040e       0x25 build/stm32f4xx_hal_pcd_ex.o
 .debug_rnglists
                0x00000433       0x75 build/stm32f4xx_hal_rcc.o
 .debug_rnglists
                0x000004a8      0x16a build/stm32f4xx_hal_spi.o
 .debug_rnglists
                0x00000612      0x141 build/stm32f4xx_ll_usb.o
 .debug_rnglists
                0x00000753       0x69 build/usbd_cdc.o
 .debug_rnglists
                0x000007bc       0x9f build/usbd_core.o
 .debug_rnglists
                0x0000085b       0x65 build/usbd_ctlreq.o
 .debug_rnglists
                0x000008c0       0x37 build/usbd_ioreq.o
 .debug_rnglists
                0x000008f7       0x13 build/usb_device.o
 .debug_rnglists
                0x0000090a       0x31 build/usbd_cdc_if.o
 .debug_rnglists
                0x0000093b       0x43 build/usbd_desc.o
 .debug_rnglists
                0x0000097e       0xc8 build/usbd_conf.o
 .debug_rnglists
                0x00000a46       0x19 build/startup_stm32f407xx.o
 .debug_rnglists
                0x00000a5f       0x99 c:/Users/Chronikle/AppData/Roaming/Code/User/globalStorage/bmd.stm32-for-vscode/@xpack-dev-tools/arm-none-eabi-gcc/13.2.1-1.1.1/.content/bin/../lib/gcc/arm-none-eabi/13.2.1/thumb/v7e-m+fp/hard\libgcc.a(_udivmoddi4.o)

.debug_line     0x00000000     0xddb5
 .debug_line    0x00000000      0x6ae build/CANSPI.o
 .debug_line    0x000006ae      0x579 build/MCP2515.o
 .debug_line    0x00000c27      0x6f7 build/main.o
 .debug_line    0x0000131e      0x334 build/stm32f4xx_hal_msp.o
 .debug_line    0x00001652      0x340 build/stm32f4xx_it.o
 .debug_line    0x00001992      0x2fe build/system_stm32f4xx.o
 .debug_line    0x00001c90      0x617 build/stm32f4xx_hal.o
 .debug_line    0x000022a7      0x8bf build/stm32f4xx_hal_cortex.o
 .debug_line    0x00002b66      0x7a5 build/stm32f4xx_hal_gpio.o
 .debug_line    0x0000330b     0x14fe build/stm32f4xx_hal_pcd.o
 .debug_line    0x00004809      0x350 build/stm32f4xx_hal_pcd_ex.o
 .debug_line    0x00004b59      0xc35 build/stm32f4xx_hal_rcc.o
 .debug_line    0x0000578e     0x2555 build/stm32f4xx_hal_spi.o
 .debug_line    0x00007ce3     0x1ffb build/stm32f4xx_ll_usb.o
 .debug_line    0x00009cde      0xbf5 build/usbd_cdc.o
 .debug_line    0x0000a8d3      0xa7f build/usbd_core.o
 .debug_line    0x0000b352      0xdc0 build/usbd_ctlreq.o
 .debug_line    0x0000c112      0x356 build/usbd_ioreq.o
 .debug_line    0x0000c468      0x2c9 build/usb_device.o
 .debug_line    0x0000c731      0x315 build/usbd_cdc_if.o
 .debug_line    0x0000ca46      0x3e4 build/usbd_desc.o
 .debug_line    0x0000ce2a      0x8ca build/usbd_conf.o
 .debug_line    0x0000d6f4       0x76 build/startup_stm32f407xx.o
 .debug_line    0x0000d76a       0x4e c:/Users/Chronikle/AppData/Roaming/Code/User/globalStorage/bmd.stm32-for-vscode/@xpack-dev-tools/arm-none-eabi-gcc/13.2.1-1.1.1/.content/bin/../lib/gcc/arm-none-eabi/13.2.1/thumb/v7e-m+fp/hard\libgcc.a(_aeabi_uldivmod.o)
 .debug_line    0x0000d7b8      0x5b3 c:/Users/Chronikle/AppData/Roaming/Code/User/globalStorage/bmd.stm32-for-vscode/@xpack-dev-tools/arm-none-eabi-gcc/13.2.1-1.1.1/.content/bin/../lib/gcc/arm-none-eabi/13.2.1/thumb/v7e-m+fp/hard\libgcc.a(_udivmoddi4.o)
 .debug_line    0x0000dd6b       0x4a c:/Users/Chronikle/AppData/Roaming/Code/User/globalStorage/bmd.stm32-for-vscode/@xpack-dev-tools/arm-none-eabi-gcc/13.2.1-1.1.1/.content/bin/../lib/gcc/arm-none-eabi/13.2.1/thumb/v7e-m+fp/hard\libgcc.a(_dvmd_tls.o)

.debug_str      0x00000000     0x4e7c
 .debug_str     0x00000000     0x4e7c build/CANSPI.o
                                0x7cd (size before relaxing)
 .debug_str     0x00004e7c      0x85b build/MCP2515.o
 .debug_str     0x00004e7c      0xa4a build/main.o
 .debug_str     0x00004e7c      0x7ab build/stm32f4xx_hal_msp.o
 .debug_str     0x00004e7c      0x63a build/stm32f4xx_it.o
 .debug_str     0x00004e7c      0x34d build/system_stm32f4xx.o
 .debug_str     0x00004e7c      0xb3c build/stm32f4xx_hal.o
 .debug_str     0x00004e7c      0xc1b build/stm32f4xx_hal_cortex.o
 .debug_str     0x00004e7c      0x4b8 build/stm32f4xx_hal_gpio.o
 .debug_str     0x00004e7c      0xddd build/stm32f4xx_hal_pcd.o
 .debug_str     0x00004e7c      0x71b build/stm32f4xx_hal_pcd_ex.o
 .debug_str     0x00004e7c      0x6de build/stm32f4xx_hal_rcc.o
 .debug_str     0x00004e7c      0xbd2 build/stm32f4xx_hal_spi.o
 .debug_str     0x00004e7c      0xd06 build/stm32f4xx_ll_usb.o
 .debug_str     0x00004e7c      0xd6f build/usbd_cdc.o
 .debug_str     0x00004e7c      0x9af build/usbd_core.o
 .debug_str     0x00004e7c      0x7da build/usbd_ctlreq.o
 .debug_str     0x00004e7c      0x6af build/usbd_ioreq.o
 .debug_str     0x00004e7c      0x69d build/usb_device.o
 .debug_str     0x00004e7c      0x76b build/usbd_cdc_if.o
 .debug_str     0x00004e7c      0x436 build/usbd_desc.o
 .debug_str     0x00004e7c     0x15ac build/usbd_conf.o
 .debug_str     0x00004e7c       0x56 build/startup_stm32f407xx.o
 .debug_str     0x00004e7c      0x120 c:/Users/Chronikle/AppData/Roaming/Code/User/globalStorage/bmd.stm32-for-vscode/@xpack-dev-tools/arm-none-eabi-gcc/13.2.1-1.1.1/.content/bin/../lib/gcc/arm-none-eabi/13.2.1/thumb/v7e-m+fp/hard\libgcc.a(_aeabi_uldivmod.o)
 .debug_str     0x00004e7c      0x739 c:/Users/Chronikle/AppData/Roaming/Code/User/globalStorage/bmd.stm32-for-vscode/@xpack-dev-tools/arm-none-eabi-gcc/13.2.1-1.1.1/.content/bin/../lib/gcc/arm-none-eabi/13.2.1/thumb/v7e-m+fp/hard\libgcc.a(_udivmoddi4.o)
 .debug_str     0x00004e7c      0x140 c:/Users/Chronikle/AppData/Roaming/Code/User/globalStorage/bmd.stm32-for-vscode/@xpack-dev-tools/arm-none-eabi-gcc/13.2.1-1.1.1/.content/bin/../lib/gcc/arm-none-eabi/13.2.1/thumb/v7e-m+fp/hard\libgcc.a(_dvmd_tls.o)

.debug_frame    0x00000000     0x2458